Microchip MPLAB XC8 Compiler V2.40

Linker command line:

-W-3 \
  --edf=C:\Program Files\Microchip\xc8\v2.40\pic\dat\20220703182018_en.msgs \
  -cn -h+dist/default/production\Digital2Proyecto1.X.production.sym \
  --cmf=dist/default/production\Digital2Proyecto1.X.production.cmf -z \
  -Q16F887 -oC:\Users\javie\AppData\Local\Temp\xcAsgbg.4 \
  --defsym=__MPLAB_BUILD=1 --fixupoverflow=error \
  -Mdist/default/production/Digital2Proyecto1.X.production.map \
  --md=C:\Users\javie\AppData\Local\Temp\xcAsgbg.dat -E1 -ver=XC8 Compiler \
  --acfsm=1493 -ACODE=00h-07FFhx4 -ASTRCODE=00h-01FFFh -ASTRING=00h-0FFhx32 \
  -ACONST=00h-0FFhx32 -AENTRY=00h-0FFhx32 -ACOMMON=070h-07Fh \
  -ABANK0=020h-06Fh -ABANK1=0A0h-0EFh -ABANK2=0110h-016Fh \
  -ABANK3=0190h-01EFh -ARAM=020h-06Fh,0A0h-0EFh,0110h-016Fh,0190h-01EFh \
  -AABS1=020h-07Fh,0A0h-0EFh,0110h-016Fh,0190h-01EFh -ASFR0=00h-01Fh \
  -ASFR1=080h-09Fh -ASFR2=0100h-010Fh -ASFR3=0180h-018Fh \
  -ACONFIG=02007h-02008h -DCONFIG=2 -AIDLOC=02000h-02003h -DIDLOC=2 \
  -AEEDATA=00h-0FFh/02100h -peeprom_data=EEDATA -DEEDATA=2 -DCODE=2 \
  -DSTRCODE=2 -DSTRING=2 -DCONST=2 -DENTRY=2 \
  -preset_vec=00h,intentry,init,end_init -ppowerup=CODE -pcinit=CODE \
  -pfunctab=ENTRY -k C:\Users\javie\AppData\Local\Temp\xcAsgbg.o \
  dist/default/production\Digital2Proyecto1.X.production.o 

Object code version is 3.11

Machine type is 16F887



                Name                               Link     Load   Length Selector   Space Scale
C:\Users\javie\AppData\Local\Temp\xcAsgbg.o
                end_init                              0        0        3        0       0
                config                             2007     2007        2        0       4
                idloc                              2000     2000        4        0       5
dist/default/production\Digital2Proyecto1.X.production.o
                cinit                               7DA      7DA       26      FB4       0
                config                             2007     2007        2        0       4
                idloc                              2000     2000        4        0       5
                text41                             118D     118D        D     231A       0
                text40                             1282     1282       2E     2504       0
                text39                             1168     1168        9     22D0       0
                text38                             1171     1171        9     22E2       0
                text37                             117A     117A        9     22F4       0
                text36                             1183     1183        A     2306       0
                text35                             15BE     15BE       72     2B7C       0
                text34                             13F7     13F7       3E     27EE       0
                text33                             11D2     11D2       1A     23A4       0
                text32                             11EC     11EC       20     23D8       0
                text31                             11BC     11BC       16     2378       0
                text30                             1475     1475       42     28EA       0
                text29                              BCF      BCF      1D9     179E       0
                text28                             16A6     16A6       A2     2D4C       0
                text27                             1230     1230       27     2460       0
                text26                              495      495      345      92A       0
                text25                              800      800        B      FB4       0
                text24                              DA8      DA8      258     1B50       0
                text23                             120C     120C       24     2418       0
                text22                             1630     1630       76     2C60       0
                text21                             1748     1748       B8     2E90       0
                text20                              1BD      1BD      2D8      37A       0
                text19                              A0B      A0B      1C4     1416       0
                text18                             12B0     12B0       2F     2560       0
                text17                             1257     1257       2B     24AE       0
                text16                              80B      80B       45     1016       0
                text15                             13BC     13BC       3B     2778       0
                text14                               6B       6B      152       D6       0
                text13                             115A     115A        6     22B4       0
                text12                             1435     1435       40     286A       0
                text11                             1553     1553       6B     2AA6       0
                text10                             14FB     14FB       58     29F6       0
                text9                              14B7     14B7       44     296E       0
                text8                              1382     1382       3A     2704       0
                text7                               850      850       C1     10A0       0
                text6                               911      911       FA     1222       0
                text5                                 5        5       66        A       0
                text4                              134A     134A       38     2694       0
                text3                              11A8     11A8       14     2350       0
                text2                              119A     119A        E     2334       0
                text1                              12DF     12DF       35     25BE       0
                maintext                           1314     1314       36     2628       0
                cstackBANK0                          20       20       4A       20       1
                cstackCOMMON                         70       70        E       70       1
                cstackBANK1                          CB       CB       21       A0       1
                clrtext                            1160     1160        8     22C0       0
                bssBANK2                            110      110       60      110       1
                bssBANK3                            190      190       45      190       1
                bssBANK1                             A0       A0       2B       A0       1
                bssBANK0                             6A       6A        6       20       1
                strings                            1000     1000       29     2000       0

TOTAL           Name                               Link     Load   Length     Space
        CLASS   CODE           
                end_init                              0        0        3         0
                cinit                               7DA      7DA       26         0
                text41                             118D     118D        D         0
                text40                             1282     1282       2E         0
                text39                             1168     1168        9         0
                text38                             1171     1171        9         0
                text37                             117A     117A        9         0
                text36                             1183     1183        A         0
                text35                             15BE     15BE       72         0
                text34                             13F7     13F7       3E         0
                text33                             11D2     11D2       1A         0
                text32                             11EC     11EC       20         0
                text31                             11BC     11BC       16         0
                text30                             1475     1475       42         0
                text29                              BCF      BCF      1D9         0
                text28                             16A6     16A6       A2         0
                text27                             1230     1230       27         0
                text26                              495      495      345         0
                text25                              800      800        B         0
                text24                              DA8      DA8      258         0
                text23                             120C     120C       24         0
                text22                             1630     1630       76         0
                text21                             1748     1748       B8         0
                text20                              1BD      1BD      2D8         0
                text19                              A0B      A0B      1C4         0
                text18                             12B0     12B0       2F         0
                text17                             1257     1257       2B         0
                text16                              80B      80B       45         0
                text15                             13BC     13BC       3B         0
                text14                               6B       6B      152         0
                text13                             115A     115A        6         0
                text12                             1435     1435       40         0
                text11                             1553     1553       6B         0
                text10                             14FB     14FB       58         0
                text9                              14B7     14B7       44         0
                text8                              1382     1382       3A         0
                text7                               850      850       C1         0
                text6                               911      911       FA         0
                text5                                 5        5       66         0
                text4                              134A     134A       38         0
                text3                              11A8     11A8       14         0
                text2                              119A     119A        E         0
                text1                              12DF     12DF       35         0
                maintext                           1314     1314       36         0
                clrtext                            1160     1160        8         0

        CLASS   STRCODE        

        CLASS   STRING         
                strings                            1000     1000       29         0

        CLASS   CONST          

        CLASS   ENTRY          

        CLASS   COMMON         
                cstackCOMMON                         70       70        E         1

        CLASS   BANK0          
                cstackBANK0                          20       20       4A         1
                bssBANK0                             6A       6A        6         1

        CLASS   BANK1          
                cstackBANK1                          CB       CB       21         1
                bssBANK1                             A0       A0       2B         1

        CLASS   BANK2          
                bssBANK2                            110      110       60         1

        CLASS   BANK3          
                bssBANK3                            190      190       45         1

        CLASS   RAM            

        CLASS   ABS1           
                abs_s1                               7E       7E        2         1

        CLASS   SFR0           

        CLASS   SFR1           

        CLASS   SFR2           

        CLASS   SFR3           

        CLASS   CONFIG         
                config                             2007     2007        2         4

        CLASS   IDLOC          
                idloc                              2000     2000        4         5

        CLASS   EEDATA         

        CLASS   STACK          



SEGMENTS        Name                           Load    Length   Top    Selector   Space  Class     Delta

                reset_vec                      000000  000003  000003         0       0  CODE        2
                text5                          000005  000066  00006B         A       0  CODE        2
                cstackBANK0                    000020  000050  000070        20       1  BANK0       1
                cstackCOMMON                   000070  00000E  00007E        70       1  COMMON      1
                bssBANK1                       0000A0  00004C  0000EC        A0       1  BANK1       1
                text14                         00006B  000152  0001BD        D6       0  CODE        2
                bssBANK2                       000110  000060  000170       110       1  BANK2       1
                bssBANK3                       000190  000045  0001D5       190       1  BANK3       1
                text20                         0001BD  0002D8  000495       37A       0  CODE        2
                text26                         000495  000345  0007DA       92A       0  CODE        2
                cinit                          0007DA  000031  00080B       FB4       0  CODE        2
                text16                         00080B  000045  000850      1016       0  CODE        2
                text7                          000850  0000C1  000911      10A0       0  CODE        2
                text6                          000911  0000FA  000A0B      1222       0  CODE        2
                text19                         000A0B  0001C4  000BCF      1416       0  CODE        2
                text29                         000BCF  0001D9  000DA8      179E       0  CODE        2
                text24                         000DA8  000258  001000      1B50       0  CODE        2
                strings                        001000  000029  001029      2000       0  STRING      2
                text13                         00115A  000006  001160      22B4       0  CODE        2
                clrtext                        001160  000008  001168      22C0       0  CODE        2
                text39                         001168  000009  001171      22D0       0  CODE        2
                text38                         001171  000009  00117A      22E2       0  CODE        2
                text37                         00117A  000009  001183      22F4       0  CODE        2
                text36                         001183  00000A  00118D      2306       0  CODE        2
                text41                         00118D  00000D  00119A      231A       0  CODE        2
                text2                          00119A  00000E  0011A8      2334       0  CODE        2
                text3                          0011A8  000014  0011BC      2350       0  CODE        2
                text31                         0011BC  000016  0011D2      2378       0  CODE        2
                text33                         0011D2  00001A  0011EC      23A4       0  CODE        2
                text32                         0011EC  000020  00120C      23D8       0  CODE        2
                text23                         00120C  000024  001230      2418       0  CODE        2
                text27                         001230  000027  001257      2460       0  CODE        2
                text17                         001257  00002B  001282      24AE       0  CODE        2
                text40                         001282  00002E  0012B0      2504       0  CODE        2
                text18                         0012B0  00002F  0012DF      2560       0  CODE        2
                text1                          0012DF  000035  001314      25BE       0  CODE        2
                maintext                       001314  000036  00134A      2628       0  CODE        2
                text4                          00134A  000038  001382      2694       0  CODE        2
                text8                          001382  00003A  0013BC      2704       0  CODE        2
                text15                         0013BC  00003B  0013F7      2778       0  CODE        2
                text34                         0013F7  00003E  001435      27EE       0  CODE        2
                text12                         001435  000040  001475      286A       0  CODE        2
                text30                         001475  000042  0014B7      28EA       0  CODE        2
                text9                          0014B7  000044  0014FB      296E       0  CODE        2
                text10                         0014FB  000058  001553      29F6       0  CODE        2
                text11                         001553  00006B  0015BE      2AA6       0  CODE        2
                text35                         0015BE  000072  001630      2B7C       0  CODE        2
                text22                         001630  000076  0016A6      2C60       0  CODE        2
                text28                         0016A6  0000A2  001748      2D4C       0  CODE        2
                text21                         001748  0000B8  001800      2E90       0  CODE        2


UNUSED ADDRESS RANGES

        Name                Unused          Largest block    Delta
        BANK1            00EC-00EF              4           1
        BANK3            01D5-01EF             1B           1
        CODE             0003-0004              2           2
                         1029-1159            131
                         1800-1FFF            800
        CONST            0003-0004              2           2
                         1029-1159             D7
                         1800-1FFF            100
        EEDATA           2100-21FF            100           2
        ENTRY            0003-0004              2           2
                         1029-1159             D7
                         1800-1FFF            100
        RAM              00EC-00EF              4           1
                         01D5-01EF             1B
        SFR0             0000-001F             20           1
        SFR1             0080-009F             20           1
        SFR2             0100-010F             10           1
        SFR3             0180-018F             10           1
        STRCODE          0003-0004              2           2
                         1029-1159            131
                         1800-1FFF            800
        STRING           0003-0004              2           2
                         1029-1159             D7
                         1800-1FFF            100

                                  Symbol Table

?_I2C_Master_Read                 cstackCOMMON 0070
?__Umul8_16                       cstackCOMMON 0070
?___fladd                         cstackBANK0  0047
?___fldiv                         cstackCOMMON 0070
?___flmul                         cstackBANK0  002D
?___flneg                         cstackCOMMON 0070
?___flsub                         cstackBANK0  005B
?___fltol                         cstackCOMMON 0070
?___lldiv                         cstackCOMMON 0070
?___lwdiv                         cstackCOMMON 0070
?___lwmod                         cstackCOMMON 0078
?___xxtofl                        cstackCOMMON 0070
?_sprintf                         cstackBANK0  0020
AHT10_Read@data                   cstackBANK1  00E5
I2C_Master_Init@c                 cstackBANK0  0020
I2C_Master_Read@a                 cstackCOMMON 0070
I2C_Master_Read@temp              cstackCOMMON 0074
I2C_Master_Write@d                cstackCOMMON 0070
Lcd_Cmd@a                         cstackCOMMON 0073
Lcd_Port@a                        cstackCOMMON 0070
Lcd_Set_Cursor@a                  cstackCOMMON 0075
Lcd_Set_Cursor@b                  cstackCOMMON 0074
Lcd_Set_Cursor@temp               cstackCOMMON 0076
Lcd_Write_Char@a                  cstackCOMMON 0072
Lcd_Write_String@a                cstackCOMMON 0073
Lcd_Write_String@i                cstackCOMMON 0078
NumtoChar@a                       cstackCOMMON 0070
UART_RX_config@baudrate           cstackCOMMON 0070
UART_TX_config@baudrate           cstackCOMMON 0070
UART_write_char@c                 cstackCOMMON 0070
_AHT10_Init                       text35       15BE
_AHT10_Read                       text19       0A0B
_AHT10_Soft_Reset                 text18       12B0
_ANSEL                            (abs)        0188
_ANSELH                           (abs)        0189
_BAUDCTLbits                      (abs)        0187
_DCOnOff                          text17       1257
_GIE                              (abs)        005F
_I2C_Master_Init                  text4        134A
_I2C_Master_Read                  text40       1282
_I2C_Master_RepeatedStart         text39       1168
_I2C_Master_Start                 text38       1171
_I2C_Master_Stop                  text37       117A
_I2C_Master_Wait                  text41       118D
_I2C_Master_Write                 text36       1183
_INTCONbits                       (abs)        000B
_Lcd_Cmd                          text33       11D2
_Lcd_Init                         text16       080B
_Lcd_Port                         text34       13F7
_Lcd_Set_Cursor                   text32       11EC
_Lcd_Write_Char                   text31       11BC
_Lcd_Write_String                 text30       1475
_NumtoChar                        text15       13BC
_OSCCONbits                       (abs)        008F
_PEIE                             (abs)        005E
_PIE1bits                         (abs)        008C
_PIR1bits                         (abs)        000C
_PORTA                            (abs)        0005
_PORTB                            (abs)        0006
_PORTBbits                        (abs)        0006
_PORTD                            (abs)        0008
_PORTE                            (abs)        0009
_RCREG                            (abs)        001A
_RCSTAbits                        (abs)        0018
_RD0                              (abs)        0040
_RD1                              (abs)        0041
_RD2                              (abs)        0042
_RD3                              (abs)        0043
_RD4                              (abs)        0044
_RD5                              (abs)        0045
_RD6                              (abs)        0046
_RD7                              (abs)        0047
_RE0                              (abs)        0048
_RE1                              (abs)        0049
_RTC                              text14       006B
_SPBRG                            (abs)        0099
_SPBRGH                           (abs)        009A
_SSPADD                           (abs)        0093
_SSPBUF                           (abs)        0013
_SSPCON                           (abs)        0014
_SSPCON2                          (abs)        0091
_SSPCON2bits                      (abs)        0091
_SSPIE                            (abs)        0463
_SSPIF                            (abs)        0063
_SSPSTAT                          (abs)        0094
_SendESP                          text11       1553
_TRISA                            (abs)        0085
_TRISB                            (abs)        0086
_TRISC3                           (abs)        043B
_TRISC4                           (abs)        043C
_TRISCbits                        (abs)        0087
_TRISD                            (abs)        0088
_TRISE                            (abs)        0089
_TSL2561_Init                     text10       14FB
_TSL2561_Read                     text6        0911
_TXREG                            (abs)        0019
_TXSTAbits                        (abs)        0098
_UART_RX_config                   text3        11A8
_UART_TX_config                   text2        119A
_UART_write_char                  text13       115A
__Habs1                           abs1         0000
__Hbank0                          bank0        0000
__Hbank1                          bank1        0000
__Hbank2                          bank2        0000
__Hbank3                          bank3        0000
__HbssBANK0                       bssBANK0     0000
__HbssBANK1                       bssBANK1     0000
__HbssBANK2                       bssBANK2     0000
__HbssBANK3                       bssBANK3     0000
__Hcinit                          cinit        0800
__Hclrtext                        clrtext      0000
__Hcode                           code         0000
__Hcommon                         common       0000
__Hconfig                         config       2009
__HcstackBANK0                    cstackBANK0  0000
__HcstackBANK1                    cstackBANK1  0000
__HcstackCOMMON                   cstackCOMMON 0000
__Heeprom_data                    eeprom_data  0000
__Hend_init                       end_init     0003
__Hfunctab                        functab      0000
__Hidloc                          idloc        2004
__Hinit                           init         0000
__Hintentry                       intentry     0000
__Hmaintext                       maintext     0000
__Hpowerup                        powerup      0000
__Hram                            ram          0000
__Hreset_vec                      reset_vec    0000
__Hsfr0                           sfr0         0000
__Hsfr1                           sfr1         0000
__Hsfr2                           sfr2         0000
__Hsfr3                           sfr3         0000
__Hspace_0                        (abs)        1800
__Hspace_1                        (abs)        01D5
__Hspace_2                        (abs)        0000
__Hspace_3                        (abs)        0000
__Hspace_4                        (abs)        4010
__Hstack                          stack        0000
__Hstrings                        strings      0000
__Htext                           text         0000
__Labs1                           abs1         0000
__Lbank0                          bank0        0000
__Lbank1                          bank1        0000
__Lbank2                          bank2        0000
__Lbank3                          bank3        0000
__LbssBANK0                       bssBANK0     0000
__LbssBANK1                       bssBANK1     0000
__LbssBANK2                       bssBANK2     0000
__LbssBANK3                       bssBANK3     0000
__Lcinit                          cinit        07DA
__Lclrtext                        clrtext      0000
__Lcode                           code         0000
__Lcommon                         common       0000
__Lconfig                         config       0000
__LcstackBANK0                    cstackBANK0  0000
__LcstackBANK1                    cstackBANK1  0000
__LcstackCOMMON                   cstackCOMMON 0000
__Leeprom_data                    eeprom_data  0000
__Lend_init                       end_init     0000
__Lfunctab                        functab      0000
__Lidloc                          idloc        0000
__Linit                           init         0000
__Lintentry                       intentry     0000
__Lmaintext                       maintext     0000
__Lpowerup                        powerup      0000
__Lram                            ram          0000
__Lreset_vec                      reset_vec    0000
__Lsfr0                           sfr0         0000
__Lsfr1                           sfr1         0000
__Lsfr2                           sfr2         0000
__Lsfr3                           sfr3         0000
__Lspace_0                        (abs)        0000
__Lspace_1                        (abs)        0000
__Lspace_2                        (abs)        0000
__Lspace_3                        (abs)        0000
__Lspace_4                        (abs)        0000
__Lstack                          stack        0000
__Lstrings                        strings      0000
__Ltext                           text         0000
__S0                              (abs)        1800
__S1                              (abs)        01D5
__S3                              (abs)        0000
__Umul8_16                        text27       1230
__Umul8_16@multiplicand           cstackCOMMON 0070
__Umul8_16@multiplier             cstackCOMMON 0078
__Umul8_16@product                cstackCOMMON 0074
__Umul8_16@word_mpld              cstackCOMMON 0076
___fladd                          text24       0DA8
___fladd@a                        cstackBANK0  004B
___fladd@aexp                     cstackBANK0  0058
___fladd@b                        cstackBANK0  0047
___fladd@bexp                     cstackBANK0  0059
___fladd@grs                      cstackBANK0  005A
___fladd@signs                    cstackBANK0  0057
___fldiv                          text29       0BCF
___fldiv@a                        cstackCOMMON 0070
___fldiv@aexp                     cstackBANK0  002C
___fldiv@b                        cstackCOMMON 0074
___fldiv@bexp                     cstackBANK0  002B
___fldiv@grs                      cstackBANK0  0027
___fldiv@new_exp                  cstackBANK0  0025
___fldiv@rem                      cstackBANK0  0020
___fldiv@sign                     cstackBANK0  0024
___flge                           text28       16A6
___flge@ff1                       cstackCOMMON 0070
___flge@ff2                       cstackCOMMON 0074
___flmul                          text26       0495
___flmul@a                        cstackBANK0  0031
___flmul@aexp                     cstackBANK0  003F
___flmul@b                        cstackBANK0  002D
___flmul@bexp                     cstackBANK0  0040
___flmul@grs                      cstackBANK0  003B
___flmul@prod                     cstackBANK0  0041
___flmul@sign                     cstackBANK0  003A
___flmul@temp                     cstackBANK0  0045
___flneg                          text25       0800
___flneg@f1                       cstackCOMMON 0070
___flsub                          text23       120C
___flsub@a                        cstackBANK0  005B
___flsub@b                        cstackBANK0  005F
___fltol                          text22       1630
___fltol@exp1                     cstackCOMMON 0079
___fltol@f1                       cstackCOMMON 0070
___fltol@sign1                    cstackCOMMON 0078
___int_sp                         stack        0000
___latbits                        (abs)        0002
___lldiv                          text5        0005
___lldiv@counter                  cstackCOMMON 007D
___lldiv@dividend                 cstackCOMMON 0074
___lldiv@divisor                  cstackCOMMON 0070
___lldiv@quotient                 cstackCOMMON 0079
___lwdiv                          text9        14B7
___lwdiv@counter                  cstackCOMMON 0077
___lwdiv@dividend                 cstackCOMMON 0072
___lwdiv@divisor                  cstackCOMMON 0070
___lwdiv@quotient                 cstackCOMMON 0075
___lwmod                          text8        1382
___lwmod@counter                  cstackCOMMON 007D
___lwmod@dividend                 cstackCOMMON 007A
___lwmod@divisor                  cstackCOMMON 0078
___sp                             stack        0000
___stackhi                        (abs)        0000
___stacklo                        (abs)        0000
___xxtofl                         text21       1748
___xxtofl@arg                     cstackCOMMON 007A
___xxtofl@exp                     cstackCOMMON 0079
___xxtofl@sign                    cstackCOMMON 0078
___xxtofl@val                     cstackCOMMON 0070
__end_of_AHT10_Init               text35       1630
__end_of_AHT10_Read               text19       0BCF
__end_of_AHT10_Soft_Reset         text18       12DF
__end_of_DCOnOff                  text17       1282
__end_of_I2C_Master_Init          text4        1382
__end_of_I2C_Master_Read          text40       12B0
__end_of_I2C_Master_RepeatedStart text39       1171
__end_of_I2C_Master_Start         text38       117A
__end_of_I2C_Master_Stop          text37       1183
__end_of_I2C_Master_Wait          text41       119A
__end_of_I2C_Master_Write         text36       118D
__end_of_Lcd_Cmd                  text33       11EC
__end_of_Lcd_Init                 text16       0850
__end_of_Lcd_Port                 text34       1435
__end_of_Lcd_Set_Cursor           text32       120C
__end_of_Lcd_Write_Char           text31       11D2
__end_of_Lcd_Write_String         text30       14B7
__end_of_NumtoChar                text15       13F7
__end_of_RTC                      text14       01BD
__end_of_SendESP                  text11       15BE
__end_of_TSL2561_Init             text10       1553
__end_of_TSL2561_Read             text6        0A0B
__end_of_UART_RX_config           text3        11BC
__end_of_UART_TX_config           text2        11A8
__end_of_UART_write_char          text13       1160
__end_of__Umul8_16                text27       1257
__end_of___fladd                  text24       1000
__end_of___fldiv                  text29       0DA8
__end_of___flge                   text28       1748
__end_of___flmul                  text26       07DA
__end_of___flneg                  text25       080B
__end_of___flsub                  text23       1230
__end_of___fltol                  text22       16A6
__end_of___lldiv                  text5        006B
__end_of___lwdiv                  text9        14FB
__end_of___lwmod                  text8        13BC
__end_of___xxtofl                 text21       1800
__end_of__initialization          cinit        07FC
__end_of__stringtab               strings      1010
__end_of_cadena                   text12       1475
__end_of_dpowers                  strings      101A
__end_of_floattostr               text20       0495
__end_of_main                     maintext     134A
__end_of_setup                    text1        1314
__end_of_sprintf                  text7        0911
__initialization                  cinit        07DA
__pbssBANK0                       bssBANK0     006A
__pbssBANK1                       bssBANK1     00A0
__pbssBANK2                       bssBANK2     0110
__pbssBANK3                       bssBANK3     0190
__pcstackBANK0                    cstackBANK0  0020
__pcstackBANK1                    cstackBANK1  00CB
__pcstackCOMMON                   cstackCOMMON 0070
__pmaintext                       maintext     1314
__pstrings                        strings      1000
__ptext1                          text1        12DF
__ptext10                         text10       14FB
__ptext11                         text11       1553
__ptext12                         text12       1435
__ptext13                         text13       115A
__ptext14                         text14       006B
__ptext15                         text15       13BC
__ptext16                         text16       080B
__ptext17                         text17       1257
__ptext18                         text18       12B0
__ptext19                         text19       0A0B
__ptext2                          text2        119A
__ptext20                         text20       01BD
__ptext21                         text21       1748
__ptext22                         text22       1630
__ptext23                         text23       120C
__ptext24                         text24       0DA8
__ptext25                         text25       0800
__ptext26                         text26       0495
__ptext27                         text27       1230
__ptext28                         text28       16A6
__ptext29                         text29       0BCF
__ptext3                          text3        11A8
__ptext30                         text30       1475
__ptext31                         text31       11BC
__ptext32                         text32       11EC
__ptext33                         text33       11D2
__ptext34                         text34       13F7
__ptext35                         text35       15BE
__ptext36                         text36       1183
__ptext37                         text37       117A
__ptext38                         text38       1171
__ptext39                         text39       1168
__ptext4                          text4        134A
__ptext40                         text40       1282
__ptext41                         text41       118D
__ptext5                          text5        0005
__ptext6                          text6        0911
__ptext7                          text7        0850
__ptext8                          text8        1382
__ptext9                          text9        14B7
__stringbase                      strings      100F
__stringtab                       strings      1000
_buffTime                         bssBANK1     00B8
_buffer                           bssBANK1     00C2
_bufferTotal                      bssBANK3     01C6
_bufferch0                        bssBANK3     0196
_bufferch1                        bssBANK2     0140
_bufferch2                        bssBANK2     0110
_cadena                           text12       1435
_ch0                              bssBANK0     006C
_ch1                              bssBANK0     006A
_ch2                              bssBANK1     00B6
_data                             bssBANK3     0190
_decHours                         bssBANK1     00AC
_decMinutes                       bssBANK1     00B0
_decSeconds                       bssBANK1     00B4
_dpowers                          strings      1010
_floattostr                       text20       01BD
_hours                            bssBANK1     00C7
_light                            bssBANK1     00A8
_main                             maintext     1314
_minutes                          bssBANK1     00C9
_seconds                          bssBANK0     006E
_setup                            text1        12DF
_sprintf                          text7        0850
_temperature                      bssBANK1     00A0
_uniHours                         bssBANK1     00AA
_uniMinutes                       bssBANK1     00AE
_uniSeconds                       bssBANK1     00B2
btemp                             (abs)        007E
cadena@cont0                      cstackCOMMON 0072
cadena@i                          cstackCOMMON 0074
cadena@txt                        cstackCOMMON 0076
clear_ram0                        clrtext      1160
end_of_initialization             cinit        07FC
floattostr@cadena_                cstackBANK0  0067
floattostr@cont_for               cstackBANK1  00D3
floattostr@decimales_             cstackBANK0  0068
floattostr@largo_entera           cstackBANK1  00D5
floattostr@largo_n                cstackBANK1  00D1
floattostr@numero_                cstackBANK0  0063
floattostr@tempo_float            cstackBANK1  00CD
floattostr@tempo_int              cstackBANK1  00CB
intlevel0                         functab      0000
intlevel1                         functab      0000
intlevel2                         functab      0000
intlevel3                         functab      0000
intlevel4                         functab      0000
intlevel5                         functab      0000
reset_vec                         reset_vec    0000
sprintf@ap                        cstackBANK0  0027
sprintf@c                         cstackBANK0  002C
sprintf@f                         cstackBANK0  0020
sprintf@flag                      cstackBANK0  0026
sprintf@prec                      cstackBANK0  002A
sprintf@sp                        cstackBANK0  002B
sprintf@val                       cstackBANK0  0028
start                             init         0000
start_initialization              cinit        07DA
wtemp0                            (abs)        007E


MODULE INFORMATION

Module		Function		Class		Link	Load	Size
C:\Program Files\Microchip\xc8\v2.40\pic\sources\c90\common\fltol.c
		___fltol       		CODE           	1630	0000	118

C:\Program Files\Microchip\xc8\v2.40\pic\sources\c90\common\fltol.c estimated size: 118

LCD8bits.c
		_Lcd_Write_String		CODE           	1475	0000	66
		_Lcd_Init      		CODE           	080B	0000	69
		_Lcd_Write_Char		CODE           	11BC	0000	22
		_Lcd_Cmd       		CODE           	11D2	0000	26
		_Lcd_Set_Cursor		CODE           	11EC	0000	32
		_Lcd_Port      		CODE           	13F7	0000	62

LCD8bits.c estimated size: 277

C:\Program Files\Microchip\xc8\v2.40\pic\sources\c90\common\sprcmul.c
		___flmul       		CODE           	0495	0000	837

C:\Program Files\Microchip\xc8\v2.40\pic\sources\c90\common\sprcmul.c estimated size: 837

I2C.c
		_I2C_Master_Read		CODE           	1282	0000	46
		_I2C_Master_Wait		CODE           	118D	0000	13
		_I2C_Master_Init		CODE           	134A	0000	56
		_I2C_Master_Stop		CODE           	117A	0000	9
		_I2C_Master_RepeatedStart		CODE           	1168	0000	9
		_I2C_Master_Write		CODE           	1183	0000	10
		_I2C_Master_Start		CODE           	1171	0000	9

I2C.c estimated size: 152

Usart.c
		_UART_TX_config		CODE           	119A	0000	14
		_UART_write_char		CODE           	115A	0000	6
		_UART_RX_config		CODE           	11A8	0000	20

Usart.c estimated size: 40

C:\Program Files\Microchip\xc8\v2.40\pic\sources\c90\common\__lldiv.c
		___lldiv       		CODE           	0005	0000	102

C:\Program Files\Microchip\xc8\v2.40\pic\sources\c90\common\__lldiv.c estimated size: 102

C:\Program Files\Microchip\xc8\v2.40\pic\sources\c90\common\flneg.c
		___flneg       		CODE           	0800	0000	11

C:\Program Files\Microchip\xc8\v2.40\pic\sources\c90\common\flneg.c estimated size: 11

C:\Program Files\Microchip\xc8\v2.40\pic\sources\c90\common\sprcdiv.c
		___fldiv       		CODE           	0BCF	0000	473

C:\Program Files\Microchip\xc8\v2.40\pic\sources\c90\common\sprcdiv.c estimated size: 473

C:\Program Files\Microchip\xc8\v2.40\pic\sources\c90\common\Umul8_16.c
		__Umul8_16     		CODE           	1230	0000	39

C:\Program Files\Microchip\xc8\v2.40\pic\sources\c90\common\Umul8_16.c estimated size: 39

C:\Program Files\Microchip\xc8\v2.40\pic\sources\c90\common\doprnt.c
		_sprintf       		CODE           	0850	0000	193

C:\Program Files\Microchip\xc8\v2.40\pic\sources\c90\common\doprnt.c estimated size: 193

Dig2ProMaster.c
		_main          		CODE           	1314	0000	54
		_AHT10_Init    		CODE           	15BE	0000	114
		_AHT10_Soft_Reset		CODE           	12B0	0000	47
		_cadena        		CODE           	1435	0000	64
		_AHT10_Read    		CODE           	0A0B	0000	452
		_RTC           		CODE           	006B	0000	338
		_NumtoChar     		CODE           	13BC	0000	59
		_setup         		CODE           	12DF	0000	53
		_TSL2561_Read  		CODE           	0911	0000	250
		_TSL2561_Init  		CODE           	14FB	0000	88
		_SendESP       		CODE           	1553	0000	107
		_DCOnOff       		CODE           	1257	0000	43

Dig2ProMaster.c estimated size: 1669

C:\Program Files\Microchip\xc8\v2.40\pic\sources\c90\common\lwmod.c
		___lwmod       		CODE           	1382	0000	58

C:\Program Files\Microchip\xc8\v2.40\pic\sources\c90\common\lwmod.c estimated size: 58

shared
		__stringtab    		STRING         	1000	0000	16
		_dpowers       		STRING         	1010	0000	10
		__initialization		CODE           	07DA	0000	34

shared estimated size: 60

C:\Program Files\Microchip\xc8\v2.40\pic\sources\c90\common\sprcadd.c
		___flsub       		CODE           	120C	0000	36
		___fladd       		CODE           	0DA8	0000	600

C:\Program Files\Microchip\xc8\v2.40\pic\sources\c90\common\sprcadd.c estimated size: 636

C:\Program Files\Microchip\xc8\v2.40\pic\sources\c90\common\flge.c
		___flge        		CODE           	16A6	0000	162

C:\Program Files\Microchip\xc8\v2.40\pic\sources\c90\common\flge.c estimated size: 162

./floatstr.h
		_floattostr    		CODE           	01BD	0000	728

./floatstr.h estimated size: 728

C:\Program Files\Microchip\xc8\v2.40\pic\sources\c90\common\lwdiv.c
		___lwdiv       		CODE           	14B7	0000	68

C:\Program Files\Microchip\xc8\v2.40\pic\sources\c90\common\lwdiv.c estimated size: 68

C:\Program Files\Microchip\xc8\v2.40\pic\sources\c90\common\xxtofl.c
		___xxtofl      		CODE           	1748	0000	184

C:\Program Files\Microchip\xc8\v2.40\pic\sources\c90\common\xxtofl.c estimated size: 184

