Microchip MPLAB XC8 Compiler V2.40

Linker command line:

-W-3 \
  --edf=C:\Program Files\Microchip\xc8\v2.40\pic\dat\20220703182018_en.msgs \
  -cn -h+dist/default/production\Digital2Lab3_Master.X.production.sym \
  --cmf=dist/default/production\Digital2Lab3_Master.X.production.cmf -z \
  -Q16F887 -oC:\Users\javie\AppData\Local\Temp\xcAs860.4 \
  --defsym=__MPLAB_BUILD=1 --fixupoverflow=error \
  -Mdist/default/production/Digital2Lab3_Master.X.production.map \
  --md=C:\Users\javie\AppData\Local\Temp\xcAs860.dat -E1 -ver=XC8 Compiler \
  --acfsm=1493 -ACODE=00h-07FFhx4 -ASTRCODE=00h-01FFFh -ASTRING=00h-0FFhx32 \
  -ACONST=00h-0FFhx32 -AENTRY=00h-0FFhx32 -ACOMMON=070h-07Fh \
  -ABANK0=020h-06Fh -ABANK1=0A0h-0EFh -ABANK2=0110h-016Fh \
  -ABANK3=0190h-01EFh -ARAM=020h-06Fh,0A0h-0EFh,0110h-016Fh,0190h-01EFh \
  -AABS1=020h-07Fh,0A0h-0EFh,0110h-016Fh,0190h-01EFh -ASFR0=00h-01Fh \
  -ASFR1=080h-09Fh -ASFR2=0100h-010Fh -ASFR3=0180h-018Fh \
  -ACONFIG=02007h-02008h -DCONFIG=2 -AIDLOC=02000h-02003h -DIDLOC=2 \
  -AEEDATA=00h-0FFh/02100h -peeprom_data=EEDATA -DEEDATA=2 -DCODE=2 \
  -DSTRCODE=2 -DSTRING=2 -DCONST=2 -DENTRY=2 \
  -preset_vec=00h,intentry,init,end_init -ppowerup=CODE -pcinit=CODE \
  -pfunctab=ENTRY -k C:\Users\javie\AppData\Local\Temp\xcAs860.o \
  dist/default/production\Digital2Lab3_Master.X.production.o 

Object code version is 3.11

Machine type is 16F887



                Name                               Link     Load   Length Selector   Space Scale
C:\Users\javie\AppData\Local\Temp\xcAs860.o
                end_init                              0        0        3        0       0
                config                             2007     2007        2        0       4
                idloc                              2000     2000        4        0       5
dist/default/production\Digital2Lab3_Master.X.production.o
                cinit                               7F3      7F3        D      FE6       0
                config                             2007     2007        2        0       4
                idloc                              2000     2000        4        0       5
                text15                              419      419       3E      832       0
                text14                              363      363       1A      6C6       0
                text13                              32A      32A        D      654       0
                text12                              457      457       45      8AE       0
                text11                              399      399       20      732       0
                text10                              337      337       16      66E       0
                text9                               3B9      3B9       25      772       0
                text8                               3DE      3DE       3B      7BC       0
                text7                               4F5      4F5       69      9EA       0
                text6                               49C      49C       59      938       0
                text5                               34D      34D       16      69A       0
                text4                               37D      37D       1C      6FA       0
                text3                               312      312        7      624       0
                text2                               321      321        9      642       0
                text1                               30C      30C        6      618       0
                maintext                            55E      55E      295      ABC       0
                cstackBANK0                          38       38        7       20       1
                cstackCOMMON                         70       70        E       70       1
                clrtext                             319      319        8      632       0
                bssBANK0                             20       20       18       20       1
                strings                               3        3       17        6       0

TOTAL           Name                               Link     Load   Length     Space
        CLASS   CODE           
                end_init                              0        0        3         0
                cinit                               7F3      7F3        D         0
                text15                              419      419       3E         0
                text14                              363      363       1A         0
                text13                              32A      32A        D         0
                text12                              457      457       45         0
                text11                              399      399       20         0
                text10                              337      337       16         0
                text9                               3B9      3B9       25         0
                text8                               3DE      3DE       3B         0
                text7                               4F5      4F5       69         0
                text6                               49C      49C       59         0
                text5                               34D      34D       16         0
                text4                               37D      37D       1C         0
                text3                               312      312        7         0
                text2                               321      321        9         0
                text1                               30C      30C        6         0
                maintext                            55E      55E      295         0
                clrtext                             319      319        8         0

        CLASS   STRCODE        

        CLASS   STRING         
                strings                               3        3       17         0

        CLASS   CONST          

        CLASS   ENTRY          

        CLASS   COMMON         
                cstackCOMMON                         70       70        E         1

        CLASS   BANK0          
                cstackBANK0                          38       38        7         1
                bssBANK0                             20       20       18         1

        CLASS   BANK1          

        CLASS   BANK2          

        CLASS   BANK3          

        CLASS   RAM            

        CLASS   ABS1           
                abs_s1                               7E       7E        2         1

        CLASS   SFR0           

        CLASS   SFR1           

        CLASS   SFR2           

        CLASS   SFR3           

        CLASS   CONFIG         
                config                             2007     2007        2         4

        CLASS   IDLOC          
                idloc                              2000     2000        4         5

        CLASS   EEDATA         

        CLASS   STACK          



SEGMENTS        Name                           Load    Length   Top    Selector   Space  Class     Delta

                reset_vec                      000000  000003  000003         0       0  CODE        2
                strings                        000003  000017  00001A         6       0  STRING      2
                bssBANK0                       000020  00001F  00003F        20       1  BANK0       1
                cstackCOMMON                   000070  00000E  00007E        70       1  COMMON      1
                text1                          00030C  000006  000312       618       0  CODE        2
                text3                          000312  000007  000319       624       0  CODE        2
                clrtext                        000319  000008  000321       632       0  CODE        2
                text2                          000321  000009  00032A       642       0  CODE        2
                text13                         00032A  00000D  000337       654       0  CODE        2
                text10                         000337  000016  00034D       66E       0  CODE        2
                text5                          00034D  000016  000363       69A       0  CODE        2
                text14                         000363  00001A  00037D       6C6       0  CODE        2
                text4                          00037D  00001C  000399       6FA       0  CODE        2
                text11                         000399  000020  0003B9       732       0  CODE        2
                text9                          0003B9  000025  0003DE       772       0  CODE        2
                text8                          0003DE  00003B  000419       7BC       0  CODE        2
                text15                         000419  00003E  000457       832       0  CODE        2
                text12                         000457  000045  00049C       8AE       0  CODE        2
                text6                          00049C  000059  0004F5       938       0  CODE        2
                text7                          0004F5  000069  00055E       9EA       0  CODE        2
                maintext                       00055E  000295  0007F3       ABC       0  CODE        2
                cinit                          0007F3  00000D  000800       FE6       0  CODE        2


UNUSED ADDRESS RANGES

        Name                Unused          Largest block    Delta
        BANK0            003F-006F             31           1
        BANK1            00A0-00EF             50           1
        BANK2            0110-016F             60           1
        BANK3            0190-01EF             60           1
        CODE             001A-030B            2F2           2
                         0800-1FFF            800
        CONST            001A-030B            100           2
                         0800-1FFF            100
        EEDATA           2100-21FF            100           2
        ENTRY            001A-030B            100           2
                         0800-1FFF            100
        RAM              003F-006F             31           1
                         00A0-00EF             50
                         0110-016F             60
                         0190-01EF             60
        SFR0             0000-001F             20           1
        SFR1             0080-009F             20           1
        SFR2             0100-010F             10           1
        SFR3             0180-018F             10           1
        STRCODE          001A-030B            2F2           2
                         0800-1FFF           1800
        STRING           001A-030B            100           2
                         0800-1FFF            100

                                  Symbol Table

?___awdiv                 cstackCOMMON 0077
?___awmod                 cstackCOMMON 0070
Lcd_Cmd@a                 cstackCOMMON 0073
Lcd_Port@a                cstackCOMMON 0070
Lcd_Set_Cursor@a          cstackCOMMON 0075
Lcd_Set_Cursor@b          cstackCOMMON 0074
Lcd_Set_Cursor@temp       cstackCOMMON 0076
Lcd_Write_Char@a          cstackCOMMON 0072
Lcd_Write_String@a        cstackCOMMON 0075
Lcd_Write_String@i        cstackCOMMON 0073
NumtoChar@a               cstackCOMMON 0070
_ANSEL                    (abs)        0188
_ANSELH                   (abs)        0189
_Lcd_Clear                text13       032A
_Lcd_Cmd                  text14       0363
_Lcd_Init                 text12       0457
_Lcd_Port                 text15       0419
_Lcd_Set_Cursor           text11       0399
_Lcd_Write_Char           text10       0337
_Lcd_Write_String         text9        03B9
_NumtoChar                text8        03DE
_PORTB                    (abs)        0006
_PORTCbits                (abs)        0007
_PORTD                    (abs)        0008
_PORTE                    (abs)        0009
_RD0                      (abs)        0040
_RD1                      (abs)        0041
_RD2                      (abs)        0042
_RD3                      (abs)        0043
_RD4                      (abs)        0044
_RD5                      (abs)        0045
_RD6                      (abs)        0046
_RD7                      (abs)        0047
_RE0                      (abs)        0048
_RE1                      (abs)        0049
_SSPBUF                   (abs)        0013
_SSPCON                   (abs)        0014
_SSPSTAT                  (abs)        0094
_SSPSTATbits              (abs)        0094
_TRISB                    (abs)        0086
_TRISC1                   (abs)        0439
_TRISC2                   (abs)        043A
_TRISC3                   (abs)        043B
_TRISC5                   (abs)        043D
_TRISD                    (abs)        0088
_TRISE                    (abs)        0089
__Habs1                   abs1         0000
__Hbank0                  bank0        0000
__Hbank1                  bank1        0000
__Hbank2                  bank2        0000
__Hbank3                  bank3        0000
__HbssBANK0               bssBANK0     0000
__Hcinit                  cinit        0800
__Hclrtext                clrtext      0000
__Hcode                   code         0000
__Hcommon                 common       0000
__Hconfig                 config       2009
__HcstackBANK0            cstackBANK0  0000
__HcstackCOMMON           cstackCOMMON 0000
__Heeprom_data            eeprom_data  0000
__Hend_init               end_init     0003
__Hfunctab                functab      0000
__Hidloc                  idloc        2004
__Hinit                   init         0000
__Hintentry               intentry     0000
__Hmaintext               maintext     0000
__Hpowerup                powerup      0000
__Hram                    ram          0000
__Hreset_vec              reset_vec    0000
__Hsfr0                   sfr0         0000
__Hsfr1                   sfr1         0000
__Hsfr2                   sfr2         0000
__Hsfr3                   sfr3         0000
__Hspace_0                (abs)        0800
__Hspace_1                (abs)        007E
__Hspace_2                (abs)        0000
__Hspace_3                (abs)        0000
__Hspace_4                (abs)        4010
__Hstack                  stack        0000
__Hstrings                strings      0000
__Htext                   text         0000
__Labs1                   abs1         0000
__Lbank0                  bank0        0000
__Lbank1                  bank1        0000
__Lbank2                  bank2        0000
__Lbank3                  bank3        0000
__LbssBANK0               bssBANK0     0000
__Lcinit                  cinit        07F3
__Lclrtext                clrtext      0000
__Lcode                   code         0000
__Lcommon                 common       0000
__Lconfig                 config       0000
__LcstackBANK0            cstackBANK0  0000
__LcstackCOMMON           cstackCOMMON 0000
__Leeprom_data            eeprom_data  0000
__Lend_init               end_init     0000
__Lfunctab                functab      0000
__Lidloc                  idloc        0000
__Linit                   init         0000
__Lintentry               intentry     0000
__Lmaintext               maintext     0000
__Lpowerup                powerup      0000
__Lram                    ram          0000
__Lreset_vec              reset_vec    0000
__Lsfr0                   sfr0         0000
__Lsfr1                   sfr1         0000
__Lsfr2                   sfr2         0000
__Lsfr3                   sfr3         0000
__Lspace_0                (abs)        0000
__Lspace_1                (abs)        0000
__Lspace_2                (abs)        0000
__Lspace_3                (abs)        0000
__Lspace_4                (abs)        0000
__Lstack                  stack        0000
__Lstrings                strings      0000
__Ltext                   text         0000
__S0                      (abs)        0800
__S1                      (abs)        007E
__S3                      (abs)        0000
___awdiv                  text7        04F5
___awdiv@counter          cstackBANK0  0038
___awdiv@dividend         cstackCOMMON 0079
___awdiv@divisor          cstackCOMMON 0077
___awdiv@quotient         cstackBANK0  003A
___awdiv@sign             cstackBANK0  0039
___awmod                  text6        049C
___awmod@counter          cstackCOMMON 0075
___awmod@dividend         cstackCOMMON 0072
___awmod@divisor          cstackCOMMON 0070
___awmod@sign             cstackCOMMON 0076
___int_sp                 stack        0000
___latbits                (abs)        0002
___sp                     stack        0000
___stackhi                (abs)        0000
___stacklo                (abs)        0000
__end_of_Lcd_Clear        text13       0337
__end_of_Lcd_Cmd          text14       037D
__end_of_Lcd_Init         text12       049C
__end_of_Lcd_Port         text15       0457
__end_of_Lcd_Set_Cursor   text11       03B9
__end_of_Lcd_Write_Char   text10       034D
__end_of_Lcd_Write_String text9        03DE
__end_of_NumtoChar        text8        0419
__end_of___awdiv          text7        055E
__end_of___awmod          text6        04F5
__end_of__initialization  cinit        07FC
__end_of__stringtab       strings      0009
__end_of_main             maintext     07F3
__end_of_setup            text4        0399
__end_of_spiInit          text5        0363
__end_of_spiRead          text2        032A
__end_of_spiReceiveWait   text3        0319
__end_of_spiWrite         text1        0312
__initialization          cinit        07F3
__pbssBANK0               bssBANK0     0020
__pcstackBANK0            cstackBANK0  0038
__pcstackCOMMON           cstackCOMMON 0070
__pmaintext               maintext     055E
__pstrings                strings      0003
__ptext1                  text1        030C
__ptext10                 text10       0337
__ptext11                 text11       0399
__ptext12                 text12       0457
__ptext13                 text13       032A
__ptext14                 text14       0363
__ptext15                 text15       0419
__ptext2                  text2        0321
__ptext3                  text3        0312
__ptext4                  text4        037D
__ptext5                  text5        034D
__ptext6                  text6        049C
__ptext7                  text7        04F5
__ptext8                  text8        03DE
__ptext9                  text9        03B9
__stringbase              strings      0008
__stringtab               strings      0003
_centenas0                bssBANK0     0032
_centenas1                bssBANK0     002C
_centenas2                bssBANK0     0026
_cont                     bssBANK0     0020
_decenas0                 bssBANK0     0030
_decenas1                 bssBANK0     002A
_decenas2                 bssBANK0     0024
_main                     maintext     055E
_main$928                 cstackCOMMON 007C
_potValue0                bssBANK0     0036
_potValue1                bssBANK0     0034
_setup                    text4        037D
_spiInit                  text5        034D
_spiRead                  text2        0321
_spiReceiveWait           text3        0312
_spiWrite                 text1        030C
_unidades0                bssBANK0     002E
_unidades1                bssBANK0     0028
_unidades2                bssBANK0     0022
btemp                     (abs)        007E
clear_ram0                clrtext      0319
end_of_initialization     cinit        07FC
intlevel0                 functab      0000
intlevel1                 functab      0000
intlevel2                 functab      0000
intlevel3                 functab      0000
intlevel4                 functab      0000
intlevel5                 functab      0000
reset_vec                 reset_vec    0000
spiInit@sClockIdle        cstackCOMMON 0071
spiInit@sDataSample       cstackCOMMON 0070
spiInit@sTransmitEdge     cstackCOMMON 0072
spiInit@sType             cstackCOMMON 0073
spiWrite@dat              cstackCOMMON 0070
start                     init         0000
start_initialization      cinit        07F3
wtemp0                    (abs)        007E


MODULE INFORMATION

Module		Function		Class		Link	Load	Size
C:\Program Files\Microchip\xc8\v2.40\pic\sources\c90\common\awdiv.c
		___awdiv       		CODE           	04F5	0000	105

C:\Program Files\Microchip\xc8\v2.40\pic\sources\c90\common\awdiv.c estimated size: 105

LCD8bits.c
		_Lcd_Write_String		CODE           	03B9	0000	37
		_Lcd_Init      		CODE           	0457	0000	69
		_Lcd_Write_Char		CODE           	0337	0000	22
		_Lcd_Cmd       		CODE           	0363	0000	26
		_Lcd_Set_Cursor		CODE           	0399	0000	32
		_Lcd_Clear     		CODE           	032A	0000	13
		_Lcd_Port      		CODE           	0419	0000	62

LCD8bits.c estimated size: 261

shared
		__stringtab    		STRING         	0003	0000	6
		__initialization		CODE           	07F3	0000	9

shared estimated size: 15

Dig2Lab3_Master.c
		_main          		CODE           	055E	0000	661
		_NumtoChar     		CODE           	03DE	0000	59
		_setup         		CODE           	037D	0000	28

Dig2Lab3_Master.c estimated size: 748

SPI.c
		_spiWrite      		CODE           	030C	0000	6
		_spiInit       		CODE           	034D	0000	22
		_spiReceiveWait		CODE           	0312	0000	7
		_spiRead       		CODE           	0321	0000	9

SPI.c estimated size: 44

C:\Program Files\Microchip\xc8\v2.40\pic\sources\c90\common\awmod.c
		___awmod       		CODE           	049C	0000	89

C:\Program Files\Microchip\xc8\v2.40\pic\sources\c90\common\awmod.c estimated size: 89

