Microchip MPLAB XC8 Compiler V2.40

Linker command line:

-W-3 \
  --edf=C:\Program Files\Microchip\xc8\v2.40\pic\dat\20220703182018_en.msgs \
  -cn -h+dist/default/production\Digital2lab2.X.production.sym \
  --cmf=dist/default/production\Digital2lab2.X.production.cmf -z -Q16F887 \
  -oC:\Users\javie\AppData\Local\Temp\xcAsdco.4 --defsym=__MPLAB_BUILD=1 \
  --fixupoverflow=error \
  -Mdist/default/production/Digital2lab2.X.production.map \
  --md=C:\Users\javie\AppData\Local\Temp\xcAsdco.dat -E1 -ver=XC8 Compiler \
  --acfsm=1493 -ACODE=00h-07FFhx4 -ASTRCODE=00h-01FFFh -ASTRING=00h-0FFhx32 \
  -ACONST=00h-0FFhx32 -AENTRY=00h-0FFhx32 -ACOMMON=070h-07Fh \
  -ABANK0=020h-06Fh -ABANK1=0A0h-0EFh -ABANK2=0110h-016Fh \
  -ABANK3=0190h-01EFh -ARAM=020h-06Fh,0A0h-0EFh,0110h-016Fh,0190h-01EFh \
  -AABS1=020h-07Fh,0A0h-0EFh,0110h-016Fh,0190h-01EFh -ASFR0=00h-01Fh \
  -ASFR1=080h-09Fh -ASFR2=0100h-010Fh -ASFR3=0180h-018Fh \
  -ACONFIG=02007h-02008h -DCONFIG=2 -AIDLOC=02000h-02003h -DIDLOC=2 \
  -AEEDATA=00h-0FFh/02100h -peeprom_data=EEDATA -DEEDATA=2 -DCODE=2 \
  -DSTRCODE=2 -DSTRING=2 -DCONST=2 -DENTRY=2 \
  -preset_vec=00h,intentry=04h,init,end_init -ppowerup=CODE -pcinit=CODE \
  -pfunctab=ENTRY -k C:\Users\javie\AppData\Local\Temp\xcAsdco.o \
  dist/default/production\Digital2lab2.X.production.o 

Object code version is 3.11

Machine type is 16F887



                Name                               Link     Load   Length Selector   Space Scale
C:\Users\javie\AppData\Local\Temp\xcAsdco.o
                end_init                              E        E        3        8       0
                reset_vec                             0        0        3        0       0
                config                             2007     2007        2        0       4
                idloc                              2000     2000        4        0       5
dist/default/production\Digital2lab2.X.production.o
                cinit                                11       11        D        8       0
                intentry                              4        4        A        8       0
                config                             2007     2007        2        0       4
                idloc                              2000     2000        4        0       5
                text22                              6D2      6D2        4      D3A       0
                text21                              6CC      6CC        6      D3A       0
                text20                              3C9      3C9       59        8       0
                text19                              46C      46C       44        8       0
                text18                              529      529       3A        8       0
                text17                              6BA      6BA        A      D3A       0
                text16                              360      360       69        8       0
                text15                              5F9      5F9       25        8       0
                text14                              563      563       37        8       0
                text13                              15A      15A      137        8       0
                text12                              4ED      4ED       3C        8       0
                text11                              640      640       1C        8       0
                text10                              6AD      6AD        D      D3A       0
                text9                               422      422       4A        8       0
                text8                               61E      61E       22        8       0
                text7                               65C      65C       18        8       0
                text6                               5D0      5D0       29        8       0
                text5                               4B0      4B0       3D        8       0
                text4                               674      674       16        8       0
                text3                               69D      69D       10      D3A       0
                text2                                1E       1E      13C        8       0
                text1                               59A      59A       36        8       0
                maintext                            291      291       CF        8       0
                cstackBANK0                          20       20       23       20       1
                cstackCOMMON                         70       70        E       70       1
                clrtext                             6C4      6C4        8      D3A       0
                bssBANK0                             43       43       10       20       1
                strings                             68A      68A       13      D14       0

TOTAL           Name                               Link     Load   Length     Space
        CLASS   CODE           
                end_init                              E        E        3         0
                cinit                                11       11        D         0
                intentry                              4        4        A         0
                reset_vec                             0        0        3         0
                text22                              6D2      6D2        4         0
                text21                              6CC      6CC        6         0
                text20                              3C9      3C9       59         0
                text19                              46C      46C       44         0
                text18                              529      529       3A         0
                text17                              6BA      6BA        A         0
                text16                              360      360       69         0
                text15                              5F9      5F9       25         0
                text14                              563      563       37         0
                text13                              15A      15A      137         0
                text12                              4ED      4ED       3C         0
                text11                              640      640       1C         0
                text10                              6AD      6AD        D         0
                text9                               422      422       4A         0
                text8                               61E      61E       22         0
                text7                               65C      65C       18         0
                text6                               5D0      5D0       29         0
                text5                               4B0      4B0       3D         0
                text4                               674      674       16         0
                text3                               69D      69D       10         0
                text2                                1E       1E      13C         0
                text1                               59A      59A       36         0
                maintext                            291      291       CF         0
                clrtext                             6C4      6C4        8         0

        CLASS   STRCODE        

        CLASS   STRING         
                strings                             68A      68A       13         0

        CLASS   CONST          

        CLASS   ENTRY          

        CLASS   COMMON         
                cstackCOMMON                         70       70        E         1

        CLASS   BANK0          
                cstackBANK0                          20       20       23         1
                bssBANK0                             43       43       10         1

        CLASS   BANK1          

        CLASS   BANK2          

        CLASS   BANK3          

        CLASS   RAM            

        CLASS   ABS1           
                abs_s1                               7E       7E        2         1

        CLASS   SFR0           

        CLASS   SFR1           

        CLASS   SFR2           

        CLASS   SFR3           

        CLASS   CONFIG         
                config                             2007     2007        2         4

        CLASS   IDLOC          
                idloc                              2000     2000        4         5

        CLASS   EEDATA         

        CLASS   STACK          



SEGMENTS        Name                           Load    Length   Top    Selector   Space  Class     Delta

                reset_vec                      000000  000003  000003         0       0  CODE        2
                intentry                       000004  000686  00068A         8       0  CODE        2
                cstackBANK0                    000020  000033  000053        20       1  BANK0       1
                cstackCOMMON                   000070  00000E  00007E        70       1  COMMON      1
                strings                        00068A  000013  00069D       D14       0  STRING      2
                text3                          00069D  000039  0006D6       D3A       0  CODE        2


UNUSED ADDRESS RANGES

        Name                Unused          Largest block    Delta
        BANK0            0053-006F             1D           1
        BANK1            00A0-00EF             50           1
        BANK2            0110-016F             60           1
        BANK3            0190-01EF             60           1
        CODE             0003-0003              1           2
                         06D6-1FFF            800
        CONST            0003-0003              1           2
                         06D6-1FFF            100
        EEDATA           2100-21FF            100           2
        ENTRY            0003-0003              1           2
                         06D6-1FFF            100
        RAM              0053-006F             1D           1
                         00A0-00EF             50
                         0110-016F             60
                         0190-01EF             60
        SFR0             0000-001F             20           1
        SFR1             0080-009F             20           1
        SFR2             0100-010F             10           1
        SFR3             0180-018F             10           1
        STRCODE          0003-0003              1           2
                         06D6-1FFF           192A
        STRING           0003-0003              1           2
                         06D6-1FFF            100

                                  Symbol Table

?___awdiv                 cstackCOMMON 0077
?___awmod                 cstackCOMMON 0070
?___lwdiv                 cstackCOMMON 0076
?___lwmod                 cstackCOMMON 0070
?___wmul                  cstackCOMMON 0070
?_adc_read                cstackCOMMON 0070
?_map                     cstackBANK0  0024
Lcd_Cmd@a                 cstackBANK0  003C
Lcd_Port@a                cstackBANK0  0039
Lcd_Set_Cursor@a          cstackBANK0  003E
Lcd_Set_Cursor@b          cstackBANK0  003D
Lcd_Set_Cursor@temp       cstackBANK0  003F
Lcd_Write_Char@a          cstackBANK0  003B
Lcd_Write_String@a        cstackBANK0  003E
Lcd_Write_String@i        cstackBANK0  003C
NumtoChar@a               cstackBANK0  0039
UART_RX_config@baudrate   cstackBANK0  0039
UART_TX_config@baudrate   cstackBANK0  0039
UART_write_char@c         cstackCOMMON 0070
_ADCON0bits               (abs)        001F
_ADCON1bits               (abs)        009F
_ADIF                     (abs)        0066
_ADRESH                   (abs)        001E
_ANSEL                    (abs)        0188
_ANSELH                   (abs)        0189
_BAUDCTLbits              (abs)        0187
_INTCONbits               (abs)        000B
_Lcd_Clear                text10       06AD
_Lcd_Cmd                  text11       0640
_Lcd_Init                 text9        0422
_Lcd_Port                 text12       04ED
_Lcd_Set_Cursor           text8        061E
_Lcd_Write_Char           text7        065C
_Lcd_Write_String         text6        05D0
_NumtoChar                text5        04B0
_OSCCONbits               (abs)        008F
_PIE1bits                 (abs)        008C
_PIR1bits                 (abs)        000C
_PORTA                    (abs)        0005
_PORTB                    (abs)        0006
_PORTD                    (abs)        0008
_PORTE                    (abs)        0009
_PORTEbits                (abs)        0009
_RCREG                    (abs)        001A
_RCSTAbits                (abs)        0018
_RD0                      (abs)        0040
_RD1                      (abs)        0041
_RD2                      (abs)        0042
_RD3                      (abs)        0043
_RD4                      (abs)        0044
_RD5                      (abs)        0045
_RD6                      (abs)        0046
_RD7                      (abs)        0047
_RE1                      (abs)        0049
_SPBRG                    (abs)        0099
_SPBRGH                   (abs)        009A
_TRISA                    (abs)        0085
_TRISB                    (abs)        0086
_TRISD                    (abs)        0088
_TRISE                    (abs)        0089
_TXREG                    (abs)        0019
_TXSTAbits                (abs)        0098
_UART_RX_config           text4        0674
_UART_TX_config           text3        069D
_UART_read_char           text22       06D2
_UART_write_char          text21       06CC
__Habs1                   abs1         0000
__Hbank0                  bank0        0000
__Hbank1                  bank1        0000
__Hbank2                  bank2        0000
__Hbank3                  bank3        0000
__HbssBANK0               bssBANK0     0000
__Hcinit                  cinit        001E
__Hclrtext                clrtext      0000
__Hcode                   code         0000
__Hcommon                 common       0000
__Hconfig                 config       2009
__HcstackBANK0            cstackBANK0  0000
__HcstackCOMMON           cstackCOMMON 0000
__Heeprom_data            eeprom_data  0000
__Hend_init               end_init     0011
__Hfunctab                functab      0000
__Hidloc                  idloc        2004
__Hinit                   init         000E
__Hintentry               intentry     000E
__Hmaintext               maintext     0000
__Hpowerup                powerup      0000
__Hram                    ram          0000
__Hreset_vec              reset_vec    0003
__Hsfr0                   sfr0         0000
__Hsfr1                   sfr1         0000
__Hsfr2                   sfr2         0000
__Hsfr3                   sfr3         0000
__Hspace_0                (abs)        06D6
__Hspace_1                (abs)        007E
__Hspace_2                (abs)        0000
__Hspace_3                (abs)        0000
__Hspace_4                (abs)        4010
__Hstack                  stack        0000
__Hstrings                strings      0000
__Htext                   text         0000
__Labs1                   abs1         0000
__Lbank0                  bank0        0000
__Lbank1                  bank1        0000
__Lbank2                  bank2        0000
__Lbank3                  bank3        0000
__LbssBANK0               bssBANK0     0000
__Lcinit                  cinit        0011
__Lclrtext                clrtext      0000
__Lcode                   code         0000
__Lcommon                 common       0000
__Lconfig                 config       0000
__LcstackBANK0            cstackBANK0  0000
__LcstackCOMMON           cstackCOMMON 0000
__Leeprom_data            eeprom_data  0000
__Lend_init               end_init     000E
__Lfunctab                functab      0000
__Lidloc                  idloc        0000
__Linit                   init         000E
__Lintentry               intentry     0004
__Lmaintext               maintext     0000
__Lpowerup                powerup      0000
__Lram                    ram          0000
__Lreset_vec              reset_vec    0000
__Lsfr0                   sfr0         0000
__Lsfr1                   sfr1         0000
__Lsfr2                   sfr2         0000
__Lsfr3                   sfr3         0000
__Lspace_0                (abs)        0000
__Lspace_1                (abs)        0000
__Lspace_2                (abs)        0000
__Lspace_3                (abs)        0000
__Lspace_4                (abs)        0000
__Lstack                  stack        0000
__Lstrings                strings      0000
__Ltext                   text         0000
__S0                      (abs)        06D6
__S1                      (abs)        007E
__S3                      (abs)        0000
___awdiv                  text16       0360
___awdiv@counter          cstackBANK0  0020
___awdiv@dividend         cstackCOMMON 0079
___awdiv@divisor          cstackCOMMON 0077
___awdiv@quotient         cstackBANK0  0022
___awdiv@sign             cstackBANK0  0021
___awmod                  text20       03C9
___awmod@counter          cstackCOMMON 0075
___awmod@dividend         cstackCOMMON 0072
___awmod@divisor          cstackCOMMON 0070
___awmod@sign             cstackCOMMON 0076
___int_sp                 stack        0000
___latbits                (abs)        0002
___lwdiv                  text19       046C
___lwdiv@counter          cstackCOMMON 007D
___lwdiv@dividend         cstackCOMMON 0078
___lwdiv@divisor          cstackCOMMON 0076
___lwdiv@quotient         cstackCOMMON 007B
___lwmod                  text18       0529
___lwmod@counter          cstackCOMMON 0075
___lwmod@dividend         cstackCOMMON 0072
___lwmod@divisor          cstackCOMMON 0070
___sp                     stack        0000
___stackhi                (abs)        0000
___stacklo                (abs)        0000
___wmul                   text15       05F9
___wmul@multiplicand      cstackCOMMON 0072
___wmul@multiplier        cstackCOMMON 0070
___wmul@product           cstackCOMMON 0074
__end_of_Lcd_Clear        text10       06BA
__end_of_Lcd_Cmd          text11       065C
__end_of_Lcd_Init         text9        046C
__end_of_Lcd_Port         text12       0529
__end_of_Lcd_Set_Cursor   text8        0640
__end_of_Lcd_Write_Char   text7        0674
__end_of_Lcd_Write_String text6        05F9
__end_of_NumtoChar        text5        04ED
__end_of_UART_RX_config   text4        068A
__end_of_UART_TX_config   text3        06AD
__end_of_UART_read_char   text22       06D6
__end_of_UART_write_char  text21       06D2
__end_of___awdiv          text16       03C9
__end_of___awmod          text20       0422
__end_of___lwdiv          text19       04B0
__end_of___lwmod          text18       0563
__end_of___wmul           text15       061E
__end_of__initialization  cinit        001A
__end_of__stringtab       strings      0690
__end_of_adc_init         text2        015A
__end_of_adc_read         text17       06C4
__end_of_isr              text13       0291
__end_of_main             maintext     0360
__end_of_map              text14       059A
__end_of_setup            text1        05D0
__initialization          cinit        0011
__pbssBANK0               bssBANK0     0043
__pcstackBANK0            cstackBANK0  0020
__pcstackCOMMON           cstackCOMMON 0070
__pintentry               intentry     0004
__pmaintext               maintext     0291
__pstrings                strings      068A
__ptext1                  text1        059A
__ptext10                 text10       06AD
__ptext11                 text11       0640
__ptext12                 text12       04ED
__ptext13                 text13       015A
__ptext14                 text14       0563
__ptext15                 text15       05F9
__ptext16                 text16       0360
__ptext17                 text17       06BA
__ptext18                 text18       0529
__ptext19                 text19       046C
__ptext2                  text2        001E
__ptext20                 text20       03C9
__ptext21                 text21       06CC
__ptext22                 text22       06D2
__ptext3                  text3        069D
__ptext4                  text4        0674
__ptext5                  text5        04B0
__ptext6                  text6        05D0
__ptext7                  text7        065C
__ptext8                  text8        061E
__ptext9                  text9        0422
__stringbase              strings      068F
__stringtab               strings      068A
_adc_init                 text2        001E
_adc_read                 text17       06BA
_centenaCont              bssBANK0     0047
_centenaVolt              bssBANK0     004F
_cont                     bssBANK0     0049
_decenaCont               bssBANK0     0045
_decenaVolt               bssBANK0     004D
_isr                      text13       015A
_isr$1211                 cstackBANK0  0030
_isr$1212                 cstackBANK0  0032
_isr$1213                 cstackBANK0  0034
_main                     maintext     0291
_map                      text14       0563
_potValue                 bssBANK0     0051
_setup                    text1        059A
_unidadCont               bssBANK0     0043
_unidadVolt               bssBANK0     004B
adc_init@channel          cstackBANK0  0039
btemp                     (abs)        007E
clear_ram0                clrtext      06C4
end_of_initialization     cinit        001A
interrupt_function        intentry     0004
intlevel0                 functab      0000
intlevel1                 functab      0000
intlevel2                 functab      0000
intlevel3                 functab      0000
intlevel4                 functab      0000
intlevel5                 functab      0000
isr@temp                  cstackBANK0  0037
isr@tempEntry             cstackBANK0  0036
map@maxNew                cstackBANK0  002C
map@maxOld                cstackBANK0  0028
map@minNew                cstackBANK0  002A
map@minOld                cstackBANK0  0026
map@newVal                cstackCOMMON 007C
map@val                   cstackBANK0  0024
reset_vec                 reset_vec    0000
saved_w                   (abs)        007E
start                     init         000E
start_initialization      cinit        0011
wtemp0                    (abs)        007E


MODULE INFORMATION

Module		Function		Class		Link	Load	Size
C:\Program Files\Microchip\xc8\v2.40\pic\sources\c90\common\awdiv.c
		___awdiv       		CODE           	0360	0000	105

C:\Program Files\Microchip\xc8\v2.40\pic\sources\c90\common\awdiv.c estimated size: 105

LCD8bits.c
		_Lcd_Write_String		CODE           	05D0	0000	41
		_Lcd_Init      		CODE           	0422	0000	74
		_Lcd_Write_Char		CODE           	065C	0000	24
		_Lcd_Cmd       		CODE           	0640	0000	28
		_Lcd_Set_Cursor		CODE           	061E	0000	34
		_Lcd_Clear     		CODE           	06AD	0000	13
		_Lcd_Port      		CODE           	04ED	0000	60

LCD8bits.c estimated size: 274

Dig2lab2.c
		_main          		CODE           	0291	0000	207
		_isr           		CODE           	015A	0000	311
		_NumtoChar     		CODE           	04B0	0000	61
		_setup         		CODE           	059A	0000	54

Dig2lab2.c estimated size: 633

Usart.c
		_UART_TX_config		CODE           	069D	0000	16
		_UART_write_char		CODE           	06CC	0000	6
		_UART_read_char		CODE           	06D2	0000	4
		_UART_RX_config		CODE           	0674	0000	22

Usart.c estimated size: 48

adcInterrupt.c
		_map           		CODE           	0563	0000	55
		_adc_read      		CODE           	06BA	0000	10
		_adc_init      		CODE           	001E	0000	316

adcInterrupt.c estimated size: 381

C:\Program Files\Microchip\xc8\v2.40\pic\sources\c90\common\Umul16.c
		___wmul        		CODE           	05F9	0000	37

C:\Program Files\Microchip\xc8\v2.40\pic\sources\c90\common\Umul16.c estimated size: 37

C:\Program Files\Microchip\xc8\v2.40\pic\sources\c90\common\lwmod.c
		___lwmod       		CODE           	0529	0000	58

C:\Program Files\Microchip\xc8\v2.40\pic\sources\c90\common\lwmod.c estimated size: 58

shared
		__stringtab    		STRING         	068A	0000	6
		__initialization		CODE           	0011	0000	9

shared estimated size: 15

C:\Program Files\Microchip\xc8\v2.40\pic\sources\c90\common\awmod.c
		___awmod       		CODE           	03C9	0000	89

C:\Program Files\Microchip\xc8\v2.40\pic\sources\c90\common\awmod.c estimated size: 89

C:\Program Files\Microchip\xc8\v2.40\pic\sources\c90\common\lwdiv.c
		___lwdiv       		CODE           	046C	0000	68

C:\Program Files\Microchip\xc8\v2.40\pic\sources\c90\common\lwdiv.c estimated size: 68

