******************************************************************************
                  TI ARM Linker PC v20.2.7                     
******************************************************************************
>> Linked Sat Nov 18 14:25:57 2023

OUTPUT FILE NAME:   <Dig2Pro3.out>
ENTRY POINT SYMBOL: "_c_int00_noargs"  address: 00000be1


MEMORY CONFIGURATION

         name            origin    length      used     unused   attr    fill
----------------------  --------  ---------  --------  --------  ----  --------
  FLASH                 00000000   00040000  00000eaa  0003f156  R  X
  SRAM                  20000000   00008000  00000218  00007de8  RW X


SEGMENT ALLOCATION MAP

run origin  load origin   length   init length attrs members
----------  ----------- ---------- ----------- ----- -------
00000000    00000000    00000eb0   00000eb0    r-x
  00000000    00000000    0000026c   0000026c    r-- .intvecs
  0000026c    0000026c    00000b12   00000b12    r-x .text
  00000d80    00000d80    000000fc   000000fc    r-- .const
  00000e80    00000e80    00000030   00000030    r-- .cinit
20000000    20000000    00000218   00000000    rw-
  20000000    20000000    00000200   00000000    rw- .stack
  20000200    20000200    00000014   00000000    rw- .bss
  20000214    20000214    00000004   00000000    rw- .data


SECTION ALLOCATION MAP

 output                                  attributes/
section   page    origin      length       input sections
--------  ----  ----------  ----------   ----------------
.intvecs   0    00000000    0000026c     
                  00000000    0000026c     tm4c123gh6pm_startup_ccs.obj (.intvecs)

.text      0    0000026c    00000b12     
                  0000026c    00000364     main.obj (.text)
                  000005d0    00000132     driverlib.lib : gpio.obj (.text:GPIOPadConfigSet)
                  00000702    00000002     --HOLE-- [fill = 0]
                  00000704    00000110                   : sysctl.obj (.text:SysCtlClockGet)
                  00000814    000000f4                   : sysctl.obj (.text:SysCtlClockSet)
                  00000908    0000009c     rtsv7M4_T_le_v4SPD16_eabi.lib : memcpy_t2.asm.obj (.text)
                  000009a4    0000007a     driverlib.lib : adc.obj (.text:ADCSequenceStepConfigure)
                  00000a1e    00000068     rtsv7M4_T_le_v4SPD16_eabi.lib : copy_decompress_lzss.c.obj (.text:decompress:lzss:__TI_decompress_lzss)
                  00000a86    00000050     driverlib.lib : adc.obj (.text:ADCSequenceConfigure)
                  00000ad6    00000002     --HOLE-- [fill = 0]
                  00000ad8    00000048                   : gpio.obj (.text:GPIOPinConfigure)
                  00000b20    00000046                   : uart.obj (.text:UARTConfigSetExpClk)
                  00000b66    00000002     --HOLE-- [fill = 0]
                  00000b68    00000044     rtsv7M4_T_le_v4SPD16_eabi.lib : autoinit.c.obj (.text:__TI_auto_init_nobinit_nopinit:__TI_auto_init_nobinit_nopinit)
                  00000bac    00000034     driverlib.lib : sysctl.obj (.text:SysCtlPeripheralEnable)
                  00000be0    00000034     rtsv7M4_T_le_v4SPD16_eabi.lib : boot_cortex_m.c.obj (.text:_c_int00_noargs:_c_int00_noargs)
                  00000c14    0000002e     driverlib.lib : adc.obj (.text:ADCIntStatus)
                  00000c42    0000002a                   : gpio.obj (.text:GPIODirModeSet)
                  00000c6c    00000020                   : uart.obj (.text:UARTDisable)
                  00000c8c    0000001e                   : adc.obj (.text:ADCSequenceDataGet)
                  00000caa    0000001c     rtsv7M4_T_le_v4SPD16_eabi.lib : copy_zero_init.c.obj (.text:decompress:ZI:__TI_zero_init_nomemset:__TI_zero_init_nomemset)
                  00000cc6    00000018     driverlib.lib : adc.obj (.text:ADCProcessorTrigger)
                  00000cde    00000018                   : gpio.obj (.text:GPIOPinTypeGPIOOutput)
                  00000cf6    00000014                   : uart.obj (.text:UARTEnable)
                  00000d0a    00000012                   : gpio.obj (.text:GPIOPinTypeADC)
                  00000d1c    00000012                   : gpio.obj (.text:GPIOPinTypeUART)
                  00000d2e    0000000e                   : adc.obj (.text:ADCSequenceEnable)
                  00000d3c    0000000e     rtsv7M4_T_le_v4SPD16_eabi.lib : copy_decompress_none.c.obj (.text:decompress:none:__TI_decompress_none)
                  00000d4a    0000000c     tm4c123gh6pm_startup_ccs.obj (.text)
                  00000d56    0000000a     driverlib.lib : adc.obj (.text:ADCIntClear)
                  00000d60    0000000a                   : uart.obj (.text:UARTCharPut)
                  00000d6a    00000006                   : gpio.obj (.text:GPIOPinWrite)
                  00000d70    00000006                   : sysctl.obj (.text:SysCtlDelay)
                  00000d76    00000004     rtsv7M4_T_le_v4SPD16_eabi.lib : pre_init.c.obj (.text:_system_pre_init)
                  00000d7a    00000004                                   : exit.c.obj (.text:abort:abort)

.const     0    00000d80    000000fc     
                  00000d80    00000090     driverlib.lib : gpio.obj (.const:g_pui32GPIOBaseAddrs)
                  00000e10    0000006c                   : sysctl.obj (.const:g_pui32Xtals)

.cinit     0    00000e80    00000030     
                  00000e80    0000000c     (__TI_handler_table)
                  00000e8c    00000004     --HOLE-- [fill = 0]
                  00000e90    00000008     (.cinit..bss.load) [load image, compression = zero_init]
                  00000e98    00000007     (.cinit..data.load) [load image, compression = lzss]
                  00000e9f    00000001     --HOLE-- [fill = 0]
                  00000ea0    00000010     (__TI_cinit_table)

.init_array 
*          0    00000000    00000000     UNINITIALIZED

.bss       0    20000200    00000014     UNINITIALIZED
                  20000200    00000004     (.common:adc0)
                  20000204    00000004     (.common:adc1)
                  20000208    00000004     (.common:adc2)
                  2000020c    00000004     (.common:adc3)
                  20000210    00000001     (.common:parking0)
                  20000211    00000001     (.common:parking1)
                  20000212    00000001     (.common:parking2)
                  20000213    00000001     (.common:parking3)

.data      0    20000214    00000004     UNINITIALIZED
                  20000214    00000004     main.obj (.data)

.stack     0    20000000    00000200     UNINITIALIZED
                  20000000    00000004     rtsv7M4_T_le_v4SPD16_eabi.lib : boot_cortex_m.c.obj (.stack)
                  20000004    000001fc     --HOLE--

__llvm_prf_cnts 
*          0    20000000    00000000     UNINITIALIZED

MODULE SUMMARY

       Module                         code   ro data   rw data
       ------                         ----   -------   -------
    .\
       main.obj                       868    0         24     
       tm4c123gh6pm_startup_ccs.obj   12     620       0      
    +--+------------------------------+------+---------+---------+
       Total:                         880    620       24     
                                                              
    C:/ti/TivaWare_C_Series-2.1.4.178/driverlib/ccs/Debug/driverlib.lib
       sysctl.obj                     574    108       0      
       gpio.obj                       486    144       0      
       adc.obj                        326    0         0      
       uart.obj                       132    0         0      
    +--+------------------------------+------+---------+---------+
       Total:                         1518   252       0      
                                                              
    C:\ti\ccs1250\ccs\tools\compiler\ti-cgt-arm_20.2.7.LTS\lib\rtsv7M4_T_le_v4SPD16_eabi.lib
       memcpy_t2.asm.obj              156    0         0      
       copy_decompress_lzss.c.obj     104    0         0      
       autoinit.c.obj                 68     0         0      
       boot_cortex_m.c.obj            52     0         0      
       copy_zero_init.c.obj           28     0         0      
       copy_decompress_none.c.obj     14     0         0      
       exit.c.obj                     4      0         0      
       pre_init.c.obj                 4      0         0      
    +--+------------------------------+------+---------+---------+
       Total:                         430    0         0      
                                                              
       Stack:                         0      0         512    
       Linker Generated:              0      43        0      
    +--+------------------------------+------+---------+---------+
       Grand Total:                   2828   915       536    


LINKER GENERATED COPY TABLES

__TI_cinit_table @ 00000ea0 records: 2, size/record: 8, table size: 16
	.bss: load addr=00000e90, load size=00000008 bytes, run addr=20000200, run size=00000014 bytes, compression=zero_init
	.data: load addr=00000e98, load size=00000007 bytes, run addr=20000214, run size=00000004 bytes, compression=lzss


LINKER GENERATED HANDLER TABLE

__TI_handler_table @ 00000e80 records: 3, size/record: 4, table size: 12
	index: 0, handler: __TI_decompress_lzss
	index: 1, handler: __TI_decompress_none
	index: 2, handler: __TI_zero_init


GLOBAL SYMBOLS: SORTED ALPHABETICALLY BY Name 

address   name                          
-------   ----                          
00000d57  ADCIntClear                   
00000c15  ADCIntStatus                  
00000cc7  ADCProcessorTrigger           
00000a87  ADCSequenceConfigure          
00000c8d  ADCSequenceDataGet            
00000d2f  ADCSequenceEnable             
000009a5  ADCSequenceStepConfigure      
00000d7b  C$$EXIT                       
00000c43  GPIODirModeSet                
000005d1  GPIOPadConfigSet              
00000ad9  GPIOPinConfigure              
00000d0b  GPIOPinTypeADC                
00000cdf  GPIOPinTypeGPIOOutput         
00000d1d  GPIOPinTypeUART               
00000d6b  GPIOPinWrite                  
0000026d  InitConsole                   
00000d4b  ResetISR                      
00000705  SysCtlClockGet                
00000815  SysCtlClockSet                
00000d71  SysCtlDelay                   
00000bad  SysCtlPeripheralEnable        
00000d61  UARTCharPut                   
00000b21  UARTConfigSetExpClk           
00000c6d  UARTDisable                   
00000cf7  UARTEnable                    
20000200  __STACK_END                   
00000200  __STACK_SIZE                  
20000200  __STACK_TOP                   
00000ea0  __TI_CINIT_Base               
00000eb0  __TI_CINIT_Limit              
00000e80  __TI_Handler_Table_Base       
00000e8c  __TI_Handler_Table_Limit      
00000b69  __TI_auto_init_nobinit_nopinit
00000a1f  __TI_decompress_lzss          
00000d3d  __TI_decompress_none          
ffffffff  __TI_pprof_out_hndl           
ffffffff  __TI_prof_data_size           
ffffffff  __TI_prof_data_start          
00000000  __TI_static_base__            
00000cab  __TI_zero_init_nomemset       
00000909  __aeabi_memcpy                
00000909  __aeabi_memcpy4               
00000909  __aeabi_memcpy8               
ffffffff  __binit__                     
ffffffff  __c_args__                    
UNDEFED   __mpu_init                    
20000000  __stack                       
20000000  __start___llvm_prf_cnts       
20000000  __stop___llvm_prf_cnts        
00000be1  _c_int00_noargs               
UNDEFED   _system_post_cinit            
00000d77  _system_pre_init              
00000d7b  abort                         
20000200  adc0                          
20000204  adc1                          
20000208  adc2                          
2000020c  adc3                          
ffffffff  binit                         
20000214  count                         
00000000  g_pfnVectors                  
000002a3  main                          
00000909  memcpy                        
20000210  parking0                      
20000211  parking1                      
20000212  parking2                      
20000213  parking3                      


GLOBAL SYMBOLS: SORTED BY Symbol Address 

address   name                          
-------   ----                          
00000000  __TI_static_base__            
00000000  g_pfnVectors                  
00000200  __STACK_SIZE                  
0000026d  InitConsole                   
000002a3  main                          
000005d1  GPIOPadConfigSet              
00000705  SysCtlClockGet                
00000815  SysCtlClockSet                
00000909  __aeabi_memcpy                
00000909  __aeabi_memcpy4               
00000909  __aeabi_memcpy8               
00000909  memcpy                        
000009a5  ADCSequenceStepConfigure      
00000a1f  __TI_decompress_lzss          
00000a87  ADCSequenceConfigure          
00000ad9  GPIOPinConfigure              
00000b21  UARTConfigSetExpClk           
00000b69  __TI_auto_init_nobinit_nopinit
00000bad  SysCtlPeripheralEnable        
00000be1  _c_int00_noargs               
00000c15  ADCIntStatus                  
00000c43  GPIODirModeSet                
00000c6d  UARTDisable                   
00000c8d  ADCSequenceDataGet            
00000cab  __TI_zero_init_nomemset       
00000cc7  ADCProcessorTrigger           
00000cdf  GPIOPinTypeGPIOOutput         
00000cf7  UARTEnable                    
00000d0b  GPIOPinTypeADC                
00000d1d  GPIOPinTypeUART               
00000d2f  ADCSequenceEnable             
00000d3d  __TI_decompress_none          
00000d4b  ResetISR                      
00000d57  ADCIntClear                   
00000d61  UARTCharPut                   
00000d6b  GPIOPinWrite                  
00000d71  SysCtlDelay                   
00000d77  _system_pre_init              
00000d7b  C$$EXIT                       
00000d7b  abort                         
00000e80  __TI_Handler_Table_Base       
00000e8c  __TI_Handler_Table_Limit      
00000ea0  __TI_CINIT_Base               
00000eb0  __TI_CINIT_Limit              
20000000  __stack                       
20000000  __start___llvm_prf_cnts       
20000000  __stop___llvm_prf_cnts        
20000200  __STACK_END                   
20000200  __STACK_TOP                   
20000200  adc0                          
20000204  adc1                          
20000208  adc2                          
2000020c  adc3                          
20000210  parking0                      
20000211  parking1                      
20000212  parking2                      
20000213  parking3                      
20000214  count                         
ffffffff  __TI_pprof_out_hndl           
ffffffff  __TI_prof_data_size           
ffffffff  __TI_prof_data_start          
ffffffff  __binit__                     
ffffffff  __c_args__                    
ffffffff  binit                         
UNDEFED   __mpu_init                    
UNDEFED   _system_post_cinit            

[66 symbols]
