Microchip MPLAB XC8 Compiler V2.40

Linker command line:

-W-3 \
  --edf=C:\Program Files\Microchip\xc8\v2.40\pic\dat\20220703182018_en.msgs \
  -cn -h+dist/default/production\Digital2Proyecto1.X.production.sym \
  --cmf=dist/default/production\Digital2Proyecto1.X.production.cmf -z \
  -Q16F887 -oC:\Users\javie\AppData\Local\Temp\xcAso9k.4 \
  --defsym=__MPLAB_BUILD=1 --fixupoverflow=error \
  -Mdist/default/production/Digital2Proyecto1.X.production.map \
  --md=C:\Users\javie\AppData\Local\Temp\xcAso9k.dat -E1 -ver=XC8 Compiler \
  --acfsm=1493 -ACODE=00h-07FFhx4 -ASTRCODE=00h-01FFFh -ASTRING=00h-0FFhx32 \
  -ACONST=00h-0FFhx32 -AENTRY=00h-0FFhx32 -ACOMMON=070h-07Fh \
  -ABANK0=020h-06Fh -ABANK1=0A0h-0EFh -ABANK2=0110h-016Fh \
  -ABANK3=0190h-01EFh -ARAM=020h-06Fh,0A0h-0EFh,0110h-016Fh,0190h-01EFh \
  -AABS1=020h-07Fh,0A0h-0EFh,0110h-016Fh,0190h-01EFh -ASFR0=00h-01Fh \
  -ASFR1=080h-09Fh -ASFR2=0100h-010Fh -ASFR3=0180h-018Fh \
  -ACONFIG=02007h-02008h -DCONFIG=2 -AIDLOC=02000h-02003h -DIDLOC=2 \
  -AEEDATA=00h-0FFh/02100h -peeprom_data=EEDATA -DEEDATA=2 -DCODE=2 \
  -DSTRCODE=2 -DSTRING=2 -DCONST=2 -DENTRY=2 \
  -preset_vec=00h,intentry,init,end_init -ppowerup=CODE -pcinit=CODE \
  -pfunctab=ENTRY -k C:\Users\javie\AppData\Local\Temp\xcAso9k.o \
  dist/default/production\Digital2Proyecto1.X.production.o 

Object code version is 3.11

Machine type is 16F887



                Name                               Link     Load   Length Selector   Space Scale
C:\Users\javie\AppData\Local\Temp\xcAso9k.o
                end_init                              0        0        3        0       0
                config                             2007     2007        2        0       4
                idloc                              2000     2000        4        0       5
dist/default/production\Digital2Proyecto1.X.production.o
                cinit                               7DA      7DA       26      FB4       0
                config                             2007     2007        2        0       4
                idloc                              2000     2000        4        0       5
                text34                             1195     1195        D     232A       0
                text33                             1255     1255       2E     24AA       0
                text32                             1165     1165        9     22CA       0
                text31                             116E     116E        9     22DC       0
                text30                             1177     1177        9     22EE       0
                text29                             1180     1180        A     2300       0
                text28                             14B5     14B5       72     296A       0
                text27                             1330     1330       3E     2660       0
                text26                             11B8     11B8       1A     2370       0
                text25                             11F0     11F0       20     23E0       0
                text24                             11A2     11A2       16     2344       0
                text23                             1210     1210       21     2420       0
                text22                              9A8      9A8      1D9     1350       0
                text21                             159D     159D       A2     2B3A       0
                text20                                7        7       27        E       0
                text19                              495      495      345      92A       0
                text18                             118A     118A        B     2314       0
                text17                              DA8      DA8      258     1B50       0
                text16                             1231     1231       24     2462       0
                text15                             1527     1527       76     2A4E       0
                text14                              82F      82F       B8     105E       0
                text13                              1BD      1BD      2D8      37A       0
                text12                             163F     163F      1C1     2C7E       0
                text11                              800      800       2F      FB4       0
                text10                             13B2     13B2       45     2764       0
                text9                              12F5     12F5       3B     25EA       0
                text8                              13F7     13F7       58     27EE       0
                text7                              136E     136E       44     26DC       0
                text6                              12BB     12BB       3A     2576       0
                text5                               8E7      8E7       C1     11CE       0
                text4                               B81      B81      227     1702       0
                text3                              144F     144F       66     289E       0
                text2                              1283     1283       38     2506       0
                text1                              11D2     11D2       1E     23A4       0
                maintext                             2E       2E      18F       5C       0
                cstackBANK0                          20       20       4A       20       1
                cstackCOMMON                         70       70        E       70       1
                cstackBANK1                          A0       A0       21       A0       1
                clrtext                            115D     115D        8     22BA       0
                bssBANK2                            110      110       60      110       1
                bssBANK3                            190      190       60      190       1
                bssBANK1                             C1       C1       20       A0       1
                bssBANK0                             6A       6A        6       20       1
                strings                            1000     1000       13     2000       0

TOTAL           Name                               Link     Load   Length     Space
        CLASS   CODE           
                end_init                              0        0        3         0
                cinit                               7DA      7DA       26         0
                text34                             1195     1195        D         0
                text33                             1255     1255       2E         0
                text32                             1165     1165        9         0
                text31                             116E     116E        9         0
                text30                             1177     1177        9         0
                text29                             1180     1180        A         0
                text28                             14B5     14B5       72         0
                text27                             1330     1330       3E         0
                text26                             11B8     11B8       1A         0
                text25                             11F0     11F0       20         0
                text24                             11A2     11A2       16         0
                text23                             1210     1210       21         0
                text22                              9A8      9A8      1D9         0
                text21                             159D     159D       A2         0
                text20                                7        7       27         0
                text19                              495      495      345         0
                text18                             118A     118A        B         0
                text17                              DA8      DA8      258         0
                text16                             1231     1231       24         0
                text15                             1527     1527       76         0
                text14                              82F      82F       B8         0
                text13                              1BD      1BD      2D8         0
                text12                             163F     163F      1C1         0
                text11                              800      800       2F         0
                text10                             13B2     13B2       45         0
                text9                              12F5     12F5       3B         0
                text8                              13F7     13F7       58         0
                text7                              136E     136E       44         0
                text6                              12BB     12BB       3A         0
                text5                               8E7      8E7       C1         0
                text4                               B81      B81      227         0
                text3                              144F     144F       66         0
                text2                              1283     1283       38         0
                text1                              11D2     11D2       1E         0
                maintext                             2E       2E      18F         0
                clrtext                            115D     115D        8         0

        CLASS   STRCODE        

        CLASS   STRING         
                strings                            1000     1000       13         0

        CLASS   CONST          

        CLASS   ENTRY          

        CLASS   COMMON         
                cstackCOMMON                         70       70        E         1

        CLASS   BANK0          
                cstackBANK0                          20       20       4A         1
                bssBANK0                             6A       6A        6         1

        CLASS   BANK1          
                cstackBANK1                          A0       A0       21         1
                bssBANK1                             C1       C1       20         1

        CLASS   BANK2          
                bssBANK2                            110      110       60         1

        CLASS   BANK3          
                bssBANK3                            190      190       60         1

        CLASS   RAM            

        CLASS   ABS1           
                abs_s1                               7E       7E        2         1

        CLASS   SFR0           

        CLASS   SFR1           

        CLASS   SFR2           

        CLASS   SFR3           

        CLASS   CONFIG         
                config                             2007     2007        2         4

        CLASS   IDLOC          
                idloc                              2000     2000        4         5

        CLASS   EEDATA         

        CLASS   STACK          



SEGMENTS        Name                           Load    Length   Top    Selector   Space  Class     Delta

                reset_vec                      000000  000003  000003         0       0  CODE        2
                text20                         000007  000027  00002E         E       0  CODE        2
                cstackBANK0                    000020  000050  000070        20       1  BANK0       1
                maintext                       00002E  00018F  0001BD        5C       0  CODE        2
                cstackCOMMON                   000070  00000E  00007E        70       1  COMMON      1
                cstackBANK1                    0000A0  000041  0000E1        A0       1  BANK1       1
                bssBANK2                       000110  000060  000170       110       1  BANK2       1
                bssBANK3                       000190  000060  0001F0       190       1  BANK3       1
                text13                         0001BD  0002D8  000495       37A       0  CODE        2
                text19                         000495  000345  0007DA       92A       0  CODE        2
                cinit                          0007DA  000055  00082F       FB4       0  CODE        2
                text14                         00082F  0000B8  0008E7      105E       0  CODE        2
                text5                          0008E7  0000C1  0009A8      11CE       0  CODE        2
                text22                         0009A8  0001D9  000B81      1350       0  CODE        2
                text4                          000B81  000227  000DA8      1702       0  CODE        2
                text17                         000DA8  000258  001000      1B50       0  CODE        2
                strings                        001000  000013  001013      2000       0  STRING      2
                clrtext                        00115D  000008  001165      22BA       0  CODE        2
                text32                         001165  000009  00116E      22CA       0  CODE        2
                text31                         00116E  000009  001177      22DC       0  CODE        2
                text30                         001177  000009  001180      22EE       0  CODE        2
                text29                         001180  00000A  00118A      2300       0  CODE        2
                text18                         00118A  00000B  001195      2314       0  CODE        2
                text34                         001195  00000D  0011A2      232A       0  CODE        2
                text24                         0011A2  000016  0011B8      2344       0  CODE        2
                text26                         0011B8  00001A  0011D2      2370       0  CODE        2
                text1                          0011D2  00001E  0011F0      23A4       0  CODE        2
                text25                         0011F0  000020  001210      23E0       0  CODE        2
                text23                         001210  000021  001231      2420       0  CODE        2
                text16                         001231  000024  001255      2462       0  CODE        2
                text33                         001255  00002E  001283      24AA       0  CODE        2
                text2                          001283  000038  0012BB      2506       0  CODE        2
                text6                          0012BB  00003A  0012F5      2576       0  CODE        2
                text9                          0012F5  00003B  001330      25EA       0  CODE        2
                text27                         001330  00003E  00136E      2660       0  CODE        2
                text7                          00136E  000044  0013B2      26DC       0  CODE        2
                text10                         0013B2  000045  0013F7      2764       0  CODE        2
                text8                          0013F7  000058  00144F      27EE       0  CODE        2
                text3                          00144F  000066  0014B5      289E       0  CODE        2
                text28                         0014B5  000072  001527      296A       0  CODE        2
                text15                         001527  000076  00159D      2A4E       0  CODE        2
                text21                         00159D  0000A2  00163F      2B3A       0  CODE        2
                text12                         00163F  0001C1  001800      2C7E       0  CODE        2


UNUSED ADDRESS RANGES

        Name                Unused          Largest block    Delta
        BANK1            00E1-00EF              F           1
        CODE             0003-0006              4           2
                         1013-115C            14A
                         1800-1FFF            800
        CONST            0003-0006              4           2
                         1013-115C             ED
                         1800-1FFF            100
        EEDATA           2100-21FF            100           2
        ENTRY            0003-0006              4           2
                         1013-115C             ED
                         1800-1FFF            100
        RAM              00E1-00EF              F           1
        SFR0             0000-001F             20           1
        SFR1             0080-009F             20           1
        SFR2             0100-010F             10           1
        SFR3             0180-018F             10           1
        STRCODE          0003-0006              4           2
                         1013-115C            14A
                         1800-1FFF            800
        STRING           0003-0006              4           2
                         1013-115C             ED
                         1800-1FFF            100

                                  Symbol Table

?_I2C_Master_Read                 cstackCOMMON 0070
?__Umul8_16                       cstackCOMMON 0070
?___fladd                         cstackBANK0  0047
?___fldiv                         cstackCOMMON 0070
?___flmul                         cstackBANK0  002D
?___flneg                         cstackCOMMON 0070
?___flsub                         cstackBANK0  005B
?___fltol                         cstackCOMMON 0070
?___lldiv                         cstackCOMMON 0070
?___lwdiv                         cstackCOMMON 0070
?___lwmod                         cstackCOMMON 0078
?___xxtofl                        cstackCOMMON 0070
?_sprintf                         cstackBANK0  0020
AHT10_Read@data                   cstackBANK1  00BA
I2C_Master_Init@c                 cstackBANK0  0020
I2C_Master_Read@a                 cstackCOMMON 0070
I2C_Master_Read@temp              cstackCOMMON 0074
I2C_Master_Write@d                cstackCOMMON 0070
Lcd_Cmd@a                         cstackCOMMON 0073
Lcd_Port@a                        cstackCOMMON 0070
Lcd_Set_Cursor@a                  cstackCOMMON 0075
Lcd_Set_Cursor@b                  cstackCOMMON 0074
Lcd_Set_Cursor@temp               cstackCOMMON 0076
Lcd_Write_Char@a                  cstackCOMMON 0072
Lcd_Write_String@a                cstackCOMMON 0076
Lcd_Write_String@i                cstackCOMMON 0074
NumtoChar@a                       cstackCOMMON 0070
_AHT10_Init                       text28       14B5
_AHT10_Read                       text12       163F
_AHT10_Soft_Reset                 text11       0800
_ANSEL                            (abs)        0188
_ANSELH                           (abs)        0189
_GIE                              (abs)        005F
_I2C_Master_Init                  text2        1283
_I2C_Master_Read                  text33       1255
_I2C_Master_RepeatedStart         text32       1165
_I2C_Master_Start                 text31       116E
_I2C_Master_Stop                  text30       1177
_I2C_Master_Wait                  text34       1195
_I2C_Master_Write                 text29       1180
_Lcd_Cmd                          text26       11B8
_Lcd_Init                         text10       13B2
_Lcd_Port                         text27       1330
_Lcd_Set_Cursor                   text25       11F0
_Lcd_Write_Char                   text24       11A2
_Lcd_Write_String                 text23       1210
_NumtoChar                        text9        12F5
_PEIE                             (abs)        005E
_PORTA                            (abs)        0005
_PORTB                            (abs)        0006
_PORTD                            (abs)        0008
_PORTE                            (abs)        0009
_RD0                              (abs)        0040
_RD1                              (abs)        0041
_RD2                              (abs)        0042
_RD3                              (abs)        0043
_RD4                              (abs)        0044
_RD5                              (abs)        0045
_RD6                              (abs)        0046
_RD7                              (abs)        0047
_RE0                              (abs)        0048
_RE1                              (abs)        0049
_SSPADD                           (abs)        0093
_SSPBUF                           (abs)        0013
_SSPCON                           (abs)        0014
_SSPCON2                          (abs)        0091
_SSPCON2bits                      (abs)        0091
_SSPIE                            (abs)        0463
_SSPIF                            (abs)        0063
_SSPSTAT                          (abs)        0094
_TRISA                            (abs)        0085
_TRISB                            (abs)        0086
_TRISC3                           (abs)        043B
_TRISC4                           (abs)        043C
_TRISCbits                        (abs)        0087
_TRISD                            (abs)        0088
_TRISE                            (abs)        0089
_TSL2561_Init                     text8        13F7
_TSL2561_Read                     text4        0B81
__Habs1                           abs1         0000
__Hbank0                          bank0        0000
__Hbank1                          bank1        0000
__Hbank2                          bank2        0000
__Hbank3                          bank3        0000
__HbssBANK0                       bssBANK0     0000
__HbssBANK1                       bssBANK1     0000
__HbssBANK2                       bssBANK2     0000
__HbssBANK3                       bssBANK3     0000
__Hcinit                          cinit        0800
__Hclrtext                        clrtext      0000
__Hcode                           code         0000
__Hcommon                         common       0000
__Hconfig                         config       2009
__HcstackBANK0                    cstackBANK0  0000
__HcstackBANK1                    cstackBANK1  0000
__HcstackCOMMON                   cstackCOMMON 0000
__Heeprom_data                    eeprom_data  0000
__Hend_init                       end_init     0003
__Hfunctab                        functab      0000
__Hidloc                          idloc        2004
__Hinit                           init         0000
__Hintentry                       intentry     0000
__Hmaintext                       maintext     0000
__Hpowerup                        powerup      0000
__Hram                            ram          0000
__Hreset_vec                      reset_vec    0000
__Hsfr0                           sfr0         0000
__Hsfr1                           sfr1         0000
__Hsfr2                           sfr2         0000
__Hsfr3                           sfr3         0000
__Hspace_0                        (abs)        1800
__Hspace_1                        (abs)        01F0
__Hspace_2                        (abs)        0000
__Hspace_3                        (abs)        0000
__Hspace_4                        (abs)        4010
__Hstack                          stack        0000
__Hstrings                        strings      0000
__Htext                           text         0000
__Labs1                           abs1         0000
__Lbank0                          bank0        0000
__Lbank1                          bank1        0000
__Lbank2                          bank2        0000
__Lbank3                          bank3        0000
__LbssBANK0                       bssBANK0     0000
__LbssBANK1                       bssBANK1     0000
__LbssBANK2                       bssBANK2     0000
__LbssBANK3                       bssBANK3     0000
__Lcinit                          cinit        07DA
__Lclrtext                        clrtext      0000
__Lcode                           code         0000
__Lcommon                         common       0000
__Lconfig                         config       0000
__LcstackBANK0                    cstackBANK0  0000
__LcstackBANK1                    cstackBANK1  0000
__LcstackCOMMON                   cstackCOMMON 0000
__Leeprom_data                    eeprom_data  0000
__Lend_init                       end_init     0000
__Lfunctab                        functab      0000
__Lidloc                          idloc        0000
__Linit                           init         0000
__Lintentry                       intentry     0000
__Lmaintext                       maintext     0000
__Lpowerup                        powerup      0000
__Lram                            ram          0000
__Lreset_vec                      reset_vec    0000
__Lsfr0                           sfr0         0000
__Lsfr1                           sfr1         0000
__Lsfr2                           sfr2         0000
__Lsfr3                           sfr3         0000
__Lspace_0                        (abs)        0000
__Lspace_1                        (abs)        0000
__Lspace_2                        (abs)        0000
__Lspace_3                        (abs)        0000
__Lspace_4                        (abs)        0000
__Lstack                          stack        0000
__Lstrings                        strings      0000
__Ltext                           text         0000
__S0                              (abs)        1800
__S1                              (abs)        01F0
__S3                              (abs)        0000
__Umul8_16                        text20       0007
__Umul8_16@multiplicand           cstackCOMMON 0070
__Umul8_16@multiplier             cstackCOMMON 0078
__Umul8_16@product                cstackCOMMON 0074
__Umul8_16@word_mpld              cstackCOMMON 0076
___fladd                          text17       0DA8
___fladd@a                        cstackBANK0  004B
___fladd@aexp                     cstackBANK0  0058
___fladd@b                        cstackBANK0  0047
___fladd@bexp                     cstackBANK0  0059
___fladd@grs                      cstackBANK0  005A
___fladd@signs                    cstackBANK0  0057
___fldiv                          text22       09A8
___fldiv@a                        cstackCOMMON 0070
___fldiv@aexp                     cstackBANK0  002C
___fldiv@b                        cstackCOMMON 0074
___fldiv@bexp                     cstackBANK0  002B
___fldiv@grs                      cstackBANK0  0027
___fldiv@new_exp                  cstackBANK0  0025
___fldiv@rem                      cstackBANK0  0020
___fldiv@sign                     cstackBANK0  0024
___flge                           text21       159D
___flge@ff1                       cstackCOMMON 0070
___flge@ff2                       cstackCOMMON 0074
___flmul                          text19       0495
___flmul@a                        cstackBANK0  0031
___flmul@aexp                     cstackBANK0  003F
___flmul@b                        cstackBANK0  002D
___flmul@bexp                     cstackBANK0  0040
___flmul@grs                      cstackBANK0  003B
___flmul@prod                     cstackBANK0  0041
___flmul@sign                     cstackBANK0  003A
___flmul@temp                     cstackBANK0  0045
___flneg                          text18       118A
___flneg@f1                       cstackCOMMON 0070
___flsub                          text16       1231
___flsub@a                        cstackBANK0  005B
___flsub@b                        cstackBANK0  005F
___fltol                          text15       1527
___fltol@exp1                     cstackCOMMON 0079
___fltol@f1                       cstackCOMMON 0070
___fltol@sign1                    cstackCOMMON 0078
___int_sp                         stack        0000
___latbits                        (abs)        0002
___lldiv                          text3        144F
___lldiv@counter                  cstackCOMMON 007D
___lldiv@dividend                 cstackCOMMON 0074
___lldiv@divisor                  cstackCOMMON 0070
___lldiv@quotient                 cstackCOMMON 0079
___lwdiv                          text7        136E
___lwdiv@counter                  cstackCOMMON 0077
___lwdiv@dividend                 cstackCOMMON 0072
___lwdiv@divisor                  cstackCOMMON 0070
___lwdiv@quotient                 cstackCOMMON 0075
___lwmod                          text6        12BB
___lwmod@counter                  cstackCOMMON 007D
___lwmod@dividend                 cstackCOMMON 007A
___lwmod@divisor                  cstackCOMMON 0078
___sp                             stack        0000
___stackhi                        (abs)        0000
___stacklo                        (abs)        0000
___xxtofl                         text14       082F
___xxtofl@arg                     cstackCOMMON 007A
___xxtofl@exp                     cstackCOMMON 0079
___xxtofl@sign                    cstackCOMMON 0078
___xxtofl@val                     cstackCOMMON 0070
__end_of_AHT10_Init               text28       1527
__end_of_AHT10_Read               text12       1800
__end_of_AHT10_Soft_Reset         text11       082F
__end_of_I2C_Master_Init          text2        12BB
__end_of_I2C_Master_Read          text33       1283
__end_of_I2C_Master_RepeatedStart text32       116E
__end_of_I2C_Master_Start         text31       1177
__end_of_I2C_Master_Stop          text30       1180
__end_of_I2C_Master_Wait          text34       11A2
__end_of_I2C_Master_Write         text29       118A
__end_of_Lcd_Cmd                  text26       11D2
__end_of_Lcd_Init                 text10       13F7
__end_of_Lcd_Port                 text27       136E
__end_of_Lcd_Set_Cursor           text25       1210
__end_of_Lcd_Write_Char           text24       11B8
__end_of_Lcd_Write_String         text23       1231
__end_of_NumtoChar                text9        1330
__end_of_TSL2561_Init             text8        144F
__end_of_TSL2561_Read             text4        0DA8
__end_of__Umul8_16                text20       002E
__end_of___fladd                  text17       1000
__end_of___fldiv                  text22       0B81
__end_of___flge                   text21       163F
__end_of___flmul                  text19       07DA
__end_of___flneg                  text18       1195
__end_of___flsub                  text16       1255
__end_of___fltol                  text15       159D
__end_of___lldiv                  text3        14B5
__end_of___lwdiv                  text7        13B2
__end_of___lwmod                  text6        12F5
__end_of___xxtofl                 text14       08E7
__end_of__initialization          cinit        07FC
__end_of__stringtab               strings      1006
__end_of_dpowers                  strings      1010
__end_of_floattostr               text13       0495
__end_of_main                     maintext     01BD
__end_of_setup                    text1        11F0
__end_of_sprintf                  text5        09A8
__initialization                  cinit        07DA
__pbssBANK0                       bssBANK0     006A
__pbssBANK1                       bssBANK1     00C1
__pbssBANK2                       bssBANK2     0110
__pbssBANK3                       bssBANK3     0190
__pcstackBANK0                    cstackBANK0  0020
__pcstackBANK1                    cstackBANK1  00A0
__pcstackCOMMON                   cstackCOMMON 0070
__pmaintext                       maintext     002E
__pstrings                        strings      1000
__ptext1                          text1        11D2
__ptext10                         text10       13B2
__ptext11                         text11       0800
__ptext12                         text12       163F
__ptext13                         text13       01BD
__ptext14                         text14       082F
__ptext15                         text15       1527
__ptext16                         text16       1231
__ptext17                         text17       0DA8
__ptext18                         text18       118A
__ptext19                         text19       0495
__ptext2                          text2        1283
__ptext20                         text20       0007
__ptext21                         text21       159D
__ptext22                         text22       09A8
__ptext23                         text23       1210
__ptext24                         text24       11A2
__ptext25                         text25       11F0
__ptext26                         text26       11B8
__ptext27                         text27       1330
__ptext28                         text28       14B5
__ptext29                         text29       1180
__ptext3                          text3        144F
__ptext30                         text30       1177
__ptext31                         text31       116E
__ptext32                         text32       1165
__ptext33                         text33       1255
__ptext34                         text34       1195
__ptext4                          text4        0B81
__ptext5                          text5        08E7
__ptext6                          text6        12BB
__ptext7                          text7        136E
__ptext8                          text8        13F7
__ptext9                          text9        12F5
__stringbase                      strings      1005
__stringtab                       strings      1000
_buffer                           bssBANK3     01C0
_bufferch0                        bssBANK3     0190
_bufferch1                        bssBANK2     0140
_bufferch2                        bssBANK2     0110
_ch0                              bssBANK0     006A
_ch1                              bssBANK1     00C5
_ch2                              bssBANK1     00C1
_data                             bssBANK1     00C9
_decHours                         bssBANK1     00D3
_decMinutes                       bssBANK1     00D7
_decSeconds                       bssBANK1     00DB
_dpowers                          strings      1006
_floattostr                       text13       01BD
_hours                            bssBANK1     00DD
_main                             maintext     002E
_minutes                          bssBANK1     00DF
_seconds                          bssBANK0     006E
_setup                            text1        11D2
_sprintf                          text5        08E7
_temperature                      bssBANK1     00CD
_uniHours                         bssBANK1     00D1
_uniMinutes                       bssBANK1     00D5
_uniSeconds                       bssBANK1     00D9
btemp                             (abs)        007E
clear_ram0                        clrtext      115D
end_of_initialization             cinit        07FC
floattostr@cadena_                cstackBANK0  0067
floattostr@cont_for               cstackBANK1  00A8
floattostr@decimales_             cstackBANK0  0068
floattostr@largo_entera           cstackBANK1  00AA
floattostr@largo_n                cstackBANK1  00A6
floattostr@numero_                cstackBANK0  0063
floattostr@tempo_float            cstackBANK1  00A2
floattostr@tempo_int              cstackBANK1  00A0
intlevel0                         functab      0000
intlevel1                         functab      0000
intlevel2                         functab      0000
intlevel3                         functab      0000
intlevel4                         functab      0000
intlevel5                         functab      0000
reset_vec                         reset_vec    0000
sprintf@ap                        cstackBANK0  0029
sprintf@c                         cstackBANK0  002E
sprintf@f                         cstackBANK0  0020
sprintf@flag                      cstackBANK0  0028
sprintf@prec                      cstackBANK0  002C
sprintf@sp                        cstackBANK0  002D
sprintf@val                       cstackBANK0  002A
start                             init         0000
start_initialization              cinit        07DA
wtemp0                            (abs)        007E


MODULE INFORMATION

Module		Function		Class		Link	Load	Size
C:\Program Files\Microchip\xc8\v2.40\pic\sources\c90\common\fltol.c
		___fltol       		CODE           	1527	0000	118

C:\Program Files\Microchip\xc8\v2.40\pic\sources\c90\common\fltol.c estimated size: 118

LCD8bits.c
		_Lcd_Write_String		CODE           	1210	0000	33
		_Lcd_Init      		CODE           	13B2	0000	69
		_Lcd_Write_Char		CODE           	11A2	0000	22
		_Lcd_Cmd       		CODE           	11B8	0000	26
		_Lcd_Set_Cursor		CODE           	11F0	0000	32
		_Lcd_Port      		CODE           	1330	0000	62

LCD8bits.c estimated size: 244

C:\Program Files\Microchip\xc8\v2.40\pic\sources\c90\common\sprcmul.c
		___flmul       		CODE           	0495	0000	837

C:\Program Files\Microchip\xc8\v2.40\pic\sources\c90\common\sprcmul.c estimated size: 837

I2C.c
		_I2C_Master_Read		CODE           	1255	0000	46
		_I2C_Master_Wait		CODE           	1195	0000	13
		_I2C_Master_Init		CODE           	1283	0000	56
		_I2C_Master_Stop		CODE           	1177	0000	9
		_I2C_Master_RepeatedStart		CODE           	1165	0000	9
		_I2C_Master_Write		CODE           	1180	0000	10
		_I2C_Master_Start		CODE           	116E	0000	9

I2C.c estimated size: 152

C:\Program Files\Microchip\xc8\v2.40\pic\sources\c90\common\__lldiv.c
		___lldiv       		CODE           	144F	0000	102

C:\Program Files\Microchip\xc8\v2.40\pic\sources\c90\common\__lldiv.c estimated size: 102

C:\Program Files\Microchip\xc8\v2.40\pic\sources\c90\common\flneg.c
		___flneg       		CODE           	118A	0000	11

C:\Program Files\Microchip\xc8\v2.40\pic\sources\c90\common\flneg.c estimated size: 11

C:\Program Files\Microchip\xc8\v2.40\pic\sources\c90\common\sprcdiv.c
		___fldiv       		CODE           	09A8	0000	473

C:\Program Files\Microchip\xc8\v2.40\pic\sources\c90\common\sprcdiv.c estimated size: 473

C:\Program Files\Microchip\xc8\v2.40\pic\sources\c90\common\Umul8_16.c
		__Umul8_16     		CODE           	0007	0000	39

C:\Program Files\Microchip\xc8\v2.40\pic\sources\c90\common\Umul8_16.c estimated size: 39

C:\Program Files\Microchip\xc8\v2.40\pic\sources\c90\common\doprnt.c
		_sprintf       		CODE           	08E7	0000	193

C:\Program Files\Microchip\xc8\v2.40\pic\sources\c90\common\doprnt.c estimated size: 193

Dig2ProMaster.c
		_main          		CODE           	002E	0000	399
		_AHT10_Init    		CODE           	14B5	0000	114
		_AHT10_Soft_Reset		CODE           	0800	0000	47
		_AHT10_Read    		CODE           	163F	0000	449
		_NumtoChar     		CODE           	12F5	0000	59
		_setup         		CODE           	11D2	0000	30
		_TSL2561_Read  		CODE           	0B81	0000	551
		_TSL2561_Init  		CODE           	13F7	0000	88

Dig2ProMaster.c estimated size: 1737

C:\Program Files\Microchip\xc8\v2.40\pic\sources\c90\common\lwmod.c
		___lwmod       		CODE           	12BB	0000	58

C:\Program Files\Microchip\xc8\v2.40\pic\sources\c90\common\lwmod.c estimated size: 58

shared
		__stringtab    		STRING         	1000	0000	6
		_dpowers       		STRING         	1006	0000	10
		__initialization		CODE           	07DA	0000	34

shared estimated size: 50

C:\Program Files\Microchip\xc8\v2.40\pic\sources\c90\common\sprcadd.c
		___flsub       		CODE           	1231	0000	36
		___fladd       		CODE           	0DA8	0000	600

C:\Program Files\Microchip\xc8\v2.40\pic\sources\c90\common\sprcadd.c estimated size: 636

C:\Program Files\Microchip\xc8\v2.40\pic\sources\c90\common\flge.c
		___flge        		CODE           	159D	0000	162

C:\Program Files\Microchip\xc8\v2.40\pic\sources\c90\common\flge.c estimated size: 162

./floatstr.h
		_floattostr    		CODE           	01BD	0000	728

./floatstr.h estimated size: 728

C:\Program Files\Microchip\xc8\v2.40\pic\sources\c90\common\lwdiv.c
		___lwdiv       		CODE           	136E	0000	68

C:\Program Files\Microchip\xc8\v2.40\pic\sources\c90\common\lwdiv.c estimated size: 68

C:\Program Files\Microchip\xc8\v2.40\pic\sources\c90\common\xxtofl.c
		___xxtofl      		CODE           	082F	0000	184

C:\Program Files\Microchip\xc8\v2.40\pic\sources\c90\common\xxtofl.c estimated size: 184

